Archive member included because of file (symbol)

../libLCD_LIB.a(LCD_LIB.o)    ./ADC.o (lcd_clear)
c:/program files (x86)/mhv avr tools/bin/../lib/gcc/avr/4.8.2/avr5\libgcc.a(_exit.o)
                              c:/program files (x86)/mhv avr tools/bin/../lib/gcc/avr/4.8.2/../../../../avr/lib/avr5/crtm328p.o (exit)
c:/program files (x86)/mhv avr tools/bin/../lib/gcc/avr/4.8.2/avr5\libgcc.a(_copy_data.o)
                              ./ADC.o (__do_copy_data)
c:/program files (x86)/mhv avr tools/bin/../lib/gcc/avr/4.8.2/../../../../avr/lib/avr5\libm.a(addsf3.o)
                              ./ADC.o (__subsf3)
c:/program files (x86)/mhv avr tools/bin/../lib/gcc/avr/4.8.2/../../../../avr/lib/avr5\libm.a(addsf3x.o)
                              c:/program files (x86)/mhv avr tools/bin/../lib/gcc/avr/4.8.2/../../../../avr/lib/avr5\libm.a(addsf3.o) (__addsf3x)
c:/program files (x86)/mhv avr tools/bin/../lib/gcc/avr/4.8.2/../../../../avr/lib/avr5\libm.a(divsf3.o)
                              ./ADC.o (__divsf3)
c:/program files (x86)/mhv avr tools/bin/../lib/gcc/avr/4.8.2/../../../../avr/lib/avr5\libm.a(divsf3x.o)
                              c:/program files (x86)/mhv avr tools/bin/../lib/gcc/avr/4.8.2/../../../../avr/lib/avr5\libm.a(divsf3.o) (__divsf3x)
c:/program files (x86)/mhv avr tools/bin/../lib/gcc/avr/4.8.2/../../../../avr/lib/avr5\libm.a(fixsfsi.o)
                              ./ADC.o (__fixsfsi)
c:/program files (x86)/mhv avr tools/bin/../lib/gcc/avr/4.8.2/../../../../avr/lib/avr5\libm.a(fixunssfsi.o)
                              c:/program files (x86)/mhv avr tools/bin/../lib/gcc/avr/4.8.2/../../../../avr/lib/avr5\libm.a(fixsfsi.o) (__fixunssfsi)
c:/program files (x86)/mhv avr tools/bin/../lib/gcc/avr/4.8.2/../../../../avr/lib/avr5\libm.a(floatsisf.o)
                              ./ADC.o (__floatsisf)
c:/program files (x86)/mhv avr tools/bin/../lib/gcc/avr/4.8.2/../../../../avr/lib/avr5\libm.a(fp_inf.o)
                              c:/program files (x86)/mhv avr tools/bin/../lib/gcc/avr/4.8.2/../../../../avr/lib/avr5\libm.a(addsf3x.o) (__fp_inf)
c:/program files (x86)/mhv avr tools/bin/../lib/gcc/avr/4.8.2/../../../../avr/lib/avr5\libm.a(fp_nan.o)
                              c:/program files (x86)/mhv avr tools/bin/../lib/gcc/avr/4.8.2/../../../../avr/lib/avr5\libm.a(addsf3x.o) (__fp_nan)
c:/program files (x86)/mhv avr tools/bin/../lib/gcc/avr/4.8.2/../../../../avr/lib/avr5\libm.a(fp_pscA.o)
                              c:/program files (x86)/mhv avr tools/bin/../lib/gcc/avr/4.8.2/../../../../avr/lib/avr5\libm.a(addsf3x.o) (__fp_pscA)
c:/program files (x86)/mhv avr tools/bin/../lib/gcc/avr/4.8.2/../../../../avr/lib/avr5\libm.a(fp_pscB.o)
                              c:/program files (x86)/mhv avr tools/bin/../lib/gcc/avr/4.8.2/../../../../avr/lib/avr5\libm.a(addsf3x.o) (__fp_pscB)
c:/program files (x86)/mhv avr tools/bin/../lib/gcc/avr/4.8.2/../../../../avr/lib/avr5\libm.a(fp_round.o)
                              c:/program files (x86)/mhv avr tools/bin/../lib/gcc/avr/4.8.2/../../../../avr/lib/avr5\libm.a(addsf3.o) (__fp_round)
c:/program files (x86)/mhv avr tools/bin/../lib/gcc/avr/4.8.2/../../../../avr/lib/avr5\libm.a(fp_split3.o)
                              c:/program files (x86)/mhv avr tools/bin/../lib/gcc/avr/4.8.2/../../../../avr/lib/avr5\libm.a(addsf3x.o) (__fp_split3)
c:/program files (x86)/mhv avr tools/bin/../lib/gcc/avr/4.8.2/../../../../avr/lib/avr5\libm.a(fp_zero.o)
                              c:/program files (x86)/mhv avr tools/bin/../lib/gcc/avr/4.8.2/../../../../avr/lib/avr5\libm.a(addsf3x.o) (__fp_zero)
c:/program files (x86)/mhv avr tools/bin/../lib/gcc/avr/4.8.2/../../../../avr/lib/avr5\libm.a(log.o)
                              ./ADC.o (log)
c:/program files (x86)/mhv avr tools/bin/../lib/gcc/avr/4.8.2/../../../../avr/lib/avr5\libm.a(mulsf3.o)
                              ./ADC.o (__mulsf3)
c:/program files (x86)/mhv avr tools/bin/../lib/gcc/avr/4.8.2/../../../../avr/lib/avr5\libm.a(mulsf3x.o)
                              c:/program files (x86)/mhv avr tools/bin/../lib/gcc/avr/4.8.2/../../../../avr/lib/avr5\libm.a(log.o) (__mulsf3x)
c:/program files (x86)/mhv avr tools/bin/../lib/gcc/avr/4.8.2/../../../../avr/lib/avr5\libm.a(fp_mpack.o)
                              c:/program files (x86)/mhv avr tools/bin/../lib/gcc/avr/4.8.2/../../../../avr/lib/avr5\libm.a(log.o) (__fp_mpack)
c:/program files (x86)/mhv avr tools/bin/../lib/gcc/avr/4.8.2/../../../../avr/lib/avr5\libm.a(fp_powser.o)
                              c:/program files (x86)/mhv avr tools/bin/../lib/gcc/avr/4.8.2/../../../../avr/lib/avr5\libm.a(log.o) (__fp_powser)
c:/program files (x86)/mhv avr tools/bin/../lib/gcc/avr/4.8.2/../../../../avr/lib/avr5\libc.a(snprintf.o)
                              ./ADC.o (snprintf)
c:/program files (x86)/mhv avr tools/bin/../lib/gcc/avr/4.8.2/../../../../avr/lib/avr5\libc.a(vfprintf_std.o)
                              c:/program files (x86)/mhv avr tools/bin/../lib/gcc/avr/4.8.2/../../../../avr/lib/avr5\libc.a(snprintf.o) (vfprintf)
c:/program files (x86)/mhv avr tools/bin/../lib/gcc/avr/4.8.2/../../../../avr/lib/avr5\libc.a(strnlen_P.o)
                              c:/program files (x86)/mhv avr tools/bin/../lib/gcc/avr/4.8.2/../../../../avr/lib/avr5\libc.a(vfprintf_std.o) (strnlen_P)
c:/program files (x86)/mhv avr tools/bin/../lib/gcc/avr/4.8.2/../../../../avr/lib/avr5\libc.a(strnlen.o)
                              c:/program files (x86)/mhv avr tools/bin/../lib/gcc/avr/4.8.2/../../../../avr/lib/avr5\libc.a(vfprintf_std.o) (strnlen)
c:/program files (x86)/mhv avr tools/bin/../lib/gcc/avr/4.8.2/../../../../avr/lib/avr5\libc.a(fputc.o)
                              c:/program files (x86)/mhv avr tools/bin/../lib/gcc/avr/4.8.2/../../../../avr/lib/avr5\libc.a(vfprintf_std.o) (fputc)
c:/program files (x86)/mhv avr tools/bin/../lib/gcc/avr/4.8.2/../../../../avr/lib/avr5\libc.a(ultoa_invert.o)
                              c:/program files (x86)/mhv avr tools/bin/../lib/gcc/avr/4.8.2/../../../../avr/lib/avr5\libc.a(vfprintf_std.o) (__ultoa_invert)
c:/program files (x86)/mhv avr tools/bin/../lib/gcc/avr/4.8.2/avr5\libgcc.a(_prologue.o)
                              c:/program files (x86)/mhv avr tools/bin/../lib/gcc/avr/4.8.2/../../../../avr/lib/avr5\libc.a(snprintf.o) (__prologue_saves__)
c:/program files (x86)/mhv avr tools/bin/../lib/gcc/avr/4.8.2/avr5\libgcc.a(_epilogue.o)
                              c:/program files (x86)/mhv avr tools/bin/../lib/gcc/avr/4.8.2/../../../../avr/lib/avr5\libc.a(snprintf.o) (__epilogue_restores__)

Memory Configuration

Name             Origin             Length             Attributes
text             0x00000000         0x00020000         xr
data             0x00800060         0x0000ffa0         rw !x
eeprom           0x00810000         0x00010000         rw !x
fuse             0x00820000         0x00000400         rw !x
lock             0x00830000         0x00000400         rw !x
signature        0x00840000         0x00000400         rw !x
*default*        0x00000000         0xffffffff

Linker script and memory map

Address of section .data set to 0x800100
LOAD c:/program files (x86)/mhv avr tools/bin/../lib/gcc/avr/4.8.2/../../../../avr/lib/avr5/crtm328p.o
LOAD ./ADC.o
LOAD ../libLCD_LIB.a
START GROUP
LOAD c:/program files (x86)/mhv avr tools/bin/../lib/gcc/avr/4.8.2/avr5\libgcc.a
LOAD c:/program files (x86)/mhv avr tools/bin/../lib/gcc/avr/4.8.2/../../../../avr/lib/avr5\libm.a
LOAD c:/program files (x86)/mhv avr tools/bin/../lib/gcc/avr/4.8.2/../../../../avr/lib/avr5\libc.a
END GROUP

.hash
 *(.hash)

.dynsym
 *(.dynsym)

.dynstr
 *(.dynstr)

.gnu.version
 *(.gnu.version)

.gnu.version_d
 *(.gnu.version_d)

.gnu.version_r
 *(.gnu.version_r)

.rel.init
 *(.rel.init)

.rela.init
 *(.rela.init)

.rel.text
 *(.rel.text)
 *(.rel.text.*)
 *(.rel.gnu.linkonce.t*)

.rela.text
 *(.rela.text)
 *(.rela.text.*)
 *(.rela.gnu.linkonce.t*)

.rel.fini
 *(.rel.fini)

.rela.fini
 *(.rela.fini)

.rel.rodata
 *(.rel.rodata)
 *(.rel.rodata.*)
 *(.rel.gnu.linkonce.r*)

.rela.rodata
 *(.rela.rodata)
 *(.rela.rodata.*)
 *(.rela.gnu.linkonce.r*)

.rel.data
 *(.rel.data)
 *(.rel.data.*)
 *(.rel.gnu.linkonce.d*)

.rela.data
 *(.rela.data)
 *(.rela.data.*)
 *(.rela.gnu.linkonce.d*)

.rel.ctors
 *(.rel.ctors)

.rela.ctors
 *(.rela.ctors)

.rel.dtors
 *(.rel.dtors)

.rela.dtors
 *(.rela.dtors)

.rel.got
 *(.rel.got)

.rela.got
 *(.rela.got)

.rel.bss
 *(.rel.bss)

.rela.bss
 *(.rela.bss)

.rel.plt
 *(.rel.plt)

.rela.plt
 *(.rela.plt)

.text           0x00000000     0x105c
 *(.vectors)
 .vectors       0x00000000       0x68 c:/program files (x86)/mhv avr tools/bin/../lib/gcc/avr/4.8.2/../../../../avr/lib/avr5/crtm328p.o
                0x00000000                __vector_default
                0x00000000                __vectors
 *(.vectors)
 *(.progmem.gcc*)
 .progmem.gcc_fplib
                0x00000068       0x5a c:/program files (x86)/mhv avr tools/bin/../lib/gcc/avr/4.8.2/../../../../avr/lib/avr5\libm.a(log.o)
                0x000000c2                . = ALIGN (0x2)
                0x000000c2                __trampolines_start = .
 *(.trampolines)
 .trampolines   0x000000c2        0x0 linker stubs
 *(.trampolines*)
                0x000000c2                __trampolines_end = .
 *(.progmem*)
                0x000000c2                . = ALIGN (0x2)
 *(.jumptables)
 *(.jumptables*)
 *(.lowtext)
 *(.lowtext*)
                0x000000c2                __ctors_start = .
 *(.ctors)
                0x000000c2                __ctors_end = .
                0x000000c2                __dtors_start = .
 *(.dtors)
                0x000000c2                __dtors_end = .
 SORT(*)(.ctors)
 SORT(*)(.dtors)
 *(.init0)
 .init0         0x000000c2        0x0 c:/program files (x86)/mhv avr tools/bin/../lib/gcc/avr/4.8.2/../../../../avr/lib/avr5/crtm328p.o
                0x000000c2                __init
 *(.init0)
 *(.init1)
 *(.init1)
 *(.init2)
 .init2         0x000000c2        0xc c:/program files (x86)/mhv avr tools/bin/../lib/gcc/avr/4.8.2/../../../../avr/lib/avr5/crtm328p.o
 *(.init2)
 *(.init3)
 *(.init3)
 *(.init4)
 .init4         0x000000ce       0x16 c:/program files (x86)/mhv avr tools/bin/../lib/gcc/avr/4.8.2/avr5\libgcc.a(_copy_data.o)
                0x000000ce                __do_copy_data
 *(.init4)
 *(.init5)
 *(.init5)
 *(.init6)
 *(.init6)
 *(.init7)
 *(.init7)
 *(.init8)
 *(.init8)
 *(.init9)
 .init9         0x000000e4        0x8 c:/program files (x86)/mhv avr tools/bin/../lib/gcc/avr/4.8.2/../../../../avr/lib/avr5/crtm328p.o
 *(.init9)
 *(.text)
 .text          0x000000ec        0x4 c:/program files (x86)/mhv avr tools/bin/../lib/gcc/avr/4.8.2/../../../../avr/lib/avr5/crtm328p.o
                0x000000ec                __vector_22
                0x000000ec                __vector_1
                0x000000ec                __vector_24
                0x000000ec                __vector_12
                0x000000ec                __bad_interrupt
                0x000000ec                __vector_6
                0x000000ec                __vector_3
                0x000000ec                __vector_23
                0x000000ec                __vector_25
                0x000000ec                __vector_11
                0x000000ec                __vector_13
                0x000000ec                __vector_17
                0x000000ec                __vector_19
                0x000000ec                __vector_7
                0x000000ec                __vector_5
                0x000000ec                __vector_4
                0x000000ec                __vector_9
                0x000000ec                __vector_2
                0x000000ec                __vector_21
                0x000000ec                __vector_15
                0x000000ec                __vector_8
                0x000000ec                __vector_14
                0x000000ec                __vector_10
                0x000000ec                __vector_16
                0x000000ec                __vector_18
                0x000000ec                __vector_20
 .text          0x000000f0        0x0 ./ADC.o
 .text          0x000000f0        0x0 ../libLCD_LIB.a(LCD_LIB.o)
 .text          0x000000f0        0x0 c:/program files (x86)/mhv avr tools/bin/../lib/gcc/avr/4.8.2/avr5\libgcc.a(_exit.o)
 .text          0x000000f0        0x0 c:/program files (x86)/mhv avr tools/bin/../lib/gcc/avr/4.8.2/avr5\libgcc.a(_copy_data.o)
 .text          0x000000f0        0x0 c:/program files (x86)/mhv avr tools/bin/../lib/gcc/avr/4.8.2/../../../../avr/lib/avr5\libm.a(addsf3.o)
 .text          0x000000f0        0x0 c:/program files (x86)/mhv avr tools/bin/../lib/gcc/avr/4.8.2/../../../../avr/lib/avr5\libm.a(addsf3x.o)
 .text          0x000000f0        0x0 c:/program files (x86)/mhv avr tools/bin/../lib/gcc/avr/4.8.2/../../../../avr/lib/avr5\libm.a(divsf3.o)
 .text          0x000000f0        0x0 c:/program files (x86)/mhv avr tools/bin/../lib/gcc/avr/4.8.2/../../../../avr/lib/avr5\libm.a(divsf3x.o)
 .text          0x000000f0        0x0 c:/program files (x86)/mhv avr tools/bin/../lib/gcc/avr/4.8.2/../../../../avr/lib/avr5\libm.a(fixsfsi.o)
 .text          0x000000f0        0x0 c:/program files (x86)/mhv avr tools/bin/../lib/gcc/avr/4.8.2/../../../../avr/lib/avr5\libm.a(fixunssfsi.o)
 .text          0x000000f0        0x0 c:/program files (x86)/mhv avr tools/bin/../lib/gcc/avr/4.8.2/../../../../avr/lib/avr5\libm.a(floatsisf.o)
 .text          0x000000f0        0x0 c:/program files (x86)/mhv avr tools/bin/../lib/gcc/avr/4.8.2/../../../../avr/lib/avr5\libm.a(fp_inf.o)
 .text          0x000000f0        0x0 c:/program files (x86)/mhv avr tools/bin/../lib/gcc/avr/4.8.2/../../../../avr/lib/avr5\libm.a(fp_nan.o)
 .text          0x000000f0        0x0 c:/program files (x86)/mhv avr tools/bin/../lib/gcc/avr/4.8.2/../../../../avr/lib/avr5\libm.a(fp_pscA.o)
 .text          0x000000f0        0x0 c:/program files (x86)/mhv avr tools/bin/../lib/gcc/avr/4.8.2/../../../../avr/lib/avr5\libm.a(fp_pscB.o)
 .text          0x000000f0        0x0 c:/program files (x86)/mhv avr tools/bin/../lib/gcc/avr/4.8.2/../../../../avr/lib/avr5\libm.a(fp_round.o)
 .text          0x000000f0        0x0 c:/program files (x86)/mhv avr tools/bin/../lib/gcc/avr/4.8.2/../../../../avr/lib/avr5\libm.a(fp_split3.o)
 .text          0x000000f0        0x0 c:/program files (x86)/mhv avr tools/bin/../lib/gcc/avr/4.8.2/../../../../avr/lib/avr5\libm.a(fp_zero.o)
 .text          0x000000f0        0x0 c:/program files (x86)/mhv avr tools/bin/../lib/gcc/avr/4.8.2/../../../../avr/lib/avr5\libm.a(log.o)
 .text          0x000000f0        0x0 c:/program files (x86)/mhv avr tools/bin/../lib/gcc/avr/4.8.2/../../../../avr/lib/avr5\libm.a(mulsf3.o)
 .text          0x000000f0        0x0 c:/program files (x86)/mhv avr tools/bin/../lib/gcc/avr/4.8.2/../../../../avr/lib/avr5\libm.a(mulsf3x.o)
 .text          0x000000f0        0x0 c:/program files (x86)/mhv avr tools/bin/../lib/gcc/avr/4.8.2/../../../../avr/lib/avr5\libm.a(fp_mpack.o)
 .text          0x000000f0        0x0 c:/program files (x86)/mhv avr tools/bin/../lib/gcc/avr/4.8.2/../../../../avr/lib/avr5\libm.a(fp_powser.o)
 .text          0x000000f0        0x0 c:/program files (x86)/mhv avr tools/bin/../lib/gcc/avr/4.8.2/../../../../avr/lib/avr5\libc.a(snprintf.o)
 .text          0x000000f0        0x0 c:/program files (x86)/mhv avr tools/bin/../lib/gcc/avr/4.8.2/../../../../avr/lib/avr5\libc.a(vfprintf_std.o)
 .text          0x000000f0        0x0 c:/program files (x86)/mhv avr tools/bin/../lib/gcc/avr/4.8.2/../../../../avr/lib/avr5\libc.a(strnlen_P.o)
 .text          0x000000f0        0x0 c:/program files (x86)/mhv avr tools/bin/../lib/gcc/avr/4.8.2/../../../../avr/lib/avr5\libc.a(strnlen.o)
 .text          0x000000f0        0x0 c:/program files (x86)/mhv avr tools/bin/../lib/gcc/avr/4.8.2/../../../../avr/lib/avr5\libc.a(fputc.o)
 .text          0x000000f0        0x0 c:/program files (x86)/mhv avr tools/bin/../lib/gcc/avr/4.8.2/../../../../avr/lib/avr5\libc.a(ultoa_invert.o)
 .text          0x000000f0        0x0 c:/program files (x86)/mhv avr tools/bin/../lib/gcc/avr/4.8.2/avr5\libgcc.a(_prologue.o)
 .text          0x000000f0        0x0 c:/program files (x86)/mhv avr tools/bin/../lib/gcc/avr/4.8.2/avr5\libgcc.a(_epilogue.o)
                0x000000f0                . = ALIGN (0x2)
 *(.text.*)
 .text.adc_init
                0x000000f0       0x42 ./ADC.o
                0x000000f0                adc_init
 .text.adc_read
                0x00000132       0x1c ./ADC.o
                0x00000132                adc_read
 .text.temp_calc
                0x0000014e      0x1a8 ./ADC.o
                0x0000014e                temp_calc
 .text.startup.main
                0x000002f6       0xd2 ./ADC.o
                0x000002f6                main
 .text.lcd_init_write
                0x000003c8       0x1a ../libLCD_LIB.a(LCD_LIB.o)
 .text.lcd_cmd  0x000003e2       0x3e ../libLCD_LIB.a(LCD_LIB.o)
 .text.lcd_clear
                0x00000420       0x30 ../libLCD_LIB.a(LCD_LIB.o)
                0x00000420                lcd_clear
 .text.lcd_init
                0x00000450       0x60 ../libLCD_LIB.a(LCD_LIB.o)
                0x00000450                lcd_init
 .text.lcd_display
                0x000004b0      0x11c ../libLCD_LIB.a(LCD_LIB.o)
                0x000004b0                lcd_display
 .text.libgcc.mul
                0x000005cc        0x0 c:/program files (x86)/mhv avr tools/bin/../lib/gcc/avr/4.8.2/avr5\libgcc.a(_exit.o)
 .text.libgcc.div
                0x000005cc        0x0 c:/program files (x86)/mhv avr tools/bin/../lib/gcc/avr/4.8.2/avr5\libgcc.a(_exit.o)
 .text.libgcc   0x000005cc        0x0 c:/program files (x86)/mhv avr tools/bin/../lib/gcc/avr/4.8.2/avr5\libgcc.a(_exit.o)
 .text.libgcc.prologue
                0x000005cc        0x0 c:/program files (x86)/mhv avr tools/bin/../lib/gcc/avr/4.8.2/avr5\libgcc.a(_exit.o)
 .text.libgcc.builtins
                0x000005cc        0x0 c:/program files (x86)/mhv avr tools/bin/../lib/gcc/avr/4.8.2/avr5\libgcc.a(_exit.o)
 .text.libgcc.fmul
                0x000005cc        0x0 c:/program files (x86)/mhv avr tools/bin/../lib/gcc/avr/4.8.2/avr5\libgcc.a(_exit.o)
 .text.libgcc.fixed
                0x000005cc        0x0 c:/program files (x86)/mhv avr tools/bin/../lib/gcc/avr/4.8.2/avr5\libgcc.a(_exit.o)
 .text.libgcc.mul
                0x000005cc        0x0 c:/program files (x86)/mhv avr tools/bin/../lib/gcc/avr/4.8.2/avr5\libgcc.a(_copy_data.o)
 .text.libgcc.div
                0x000005cc        0x0 c:/program files (x86)/mhv avr tools/bin/../lib/gcc/avr/4.8.2/avr5\libgcc.a(_copy_data.o)
 .text.libgcc   0x000005cc        0x0 c:/program files (x86)/mhv avr tools/bin/../lib/gcc/avr/4.8.2/avr5\libgcc.a(_copy_data.o)
 .text.libgcc.prologue
                0x000005cc        0x0 c:/program files (x86)/mhv avr tools/bin/../lib/gcc/avr/4.8.2/avr5\libgcc.a(_copy_data.o)
 .text.libgcc.builtins
                0x000005cc        0x0 c:/program files (x86)/mhv avr tools/bin/../lib/gcc/avr/4.8.2/avr5\libgcc.a(_copy_data.o)
 .text.libgcc.fmul
                0x000005cc        0x0 c:/program files (x86)/mhv avr tools/bin/../lib/gcc/avr/4.8.2/avr5\libgcc.a(_copy_data.o)
 .text.libgcc.fixed
                0x000005cc        0x0 c:/program files (x86)/mhv avr tools/bin/../lib/gcc/avr/4.8.2/avr5\libgcc.a(_copy_data.o)
 .text.avr-libc.fplib
                0x000005cc        0xa c:/program files (x86)/mhv avr tools/bin/../lib/gcc/avr/4.8.2/../../../../avr/lib/avr5\libm.a(addsf3.o)
                0x000005cc                __subsf3
                0x000005ce                __addsf3
 .text.avr-libc.fplib
                0x000005d6       0xc0 c:/program files (x86)/mhv avr tools/bin/../lib/gcc/avr/4.8.2/../../../../avr/lib/avr5\libm.a(addsf3x.o)
                0x000005f0                __addsf3x
 .text.avr-libc.fplib
                0x00000696        0x4 c:/program files (x86)/mhv avr tools/bin/../lib/gcc/avr/4.8.2/../../../../avr/lib/avr5\libm.a(divsf3.o)
                0x00000696                __divsf3
 .text.avr-libc.fplib
                0x0000069a       0xcc c:/program files (x86)/mhv avr tools/bin/../lib/gcc/avr/4.8.2/../../../../avr/lib/avr5\libm.a(divsf3x.o)
                0x000006b0                __divsf3x
                0x000006b4                __divsf3_pse
 .text.avr-libc.fplib
                0x00000766        0xa c:/program files (x86)/mhv avr tools/bin/../lib/gcc/avr/4.8.2/../../../../avr/lib/avr5\libm.a(fixsfsi.o)
                0x00000766                __fixsfsi
 .text.avr-libc.fplib
                0x00000770       0x58 c:/program files (x86)/mhv avr tools/bin/../lib/gcc/avr/4.8.2/../../../../avr/lib/avr5\libm.a(fixunssfsi.o)
                0x00000770                __fixunssfsi
 .text.avr-libc.fplib
                0x000007c8       0x7a c:/program files (x86)/mhv avr tools/bin/../lib/gcc/avr/4.8.2/../../../../avr/lib/avr5\libm.a(floatsisf.o)
                0x000007c8                __floatunsisf
                0x000007cc                __floatsisf
 .text.avr-libc.fplib
                0x00000842        0xc c:/program files (x86)/mhv avr tools/bin/../lib/gcc/avr/4.8.2/../../../../avr/lib/avr5\libm.a(fp_inf.o)
                0x00000842                __fp_inf
 .text.avr-libc.fplib
                0x0000084e        0x6 c:/program files (x86)/mhv avr tools/bin/../lib/gcc/avr/4.8.2/../../../../avr/lib/avr5\libm.a(fp_nan.o)
                0x0000084e                __fp_nan
 .text.avr-libc.fplib
                0x00000854        0xe c:/program files (x86)/mhv avr tools/bin/../lib/gcc/avr/4.8.2/../../../../avr/lib/avr5\libm.a(fp_pscA.o)
                0x00000854                __fp_pscA
 .text.avr-libc.fplib
                0x00000862        0xe c:/program files (x86)/mhv avr tools/bin/../lib/gcc/avr/4.8.2/../../../../avr/lib/avr5\libm.a(fp_pscB.o)
                0x00000862                __fp_pscB
 .text.avr-libc.fplib
                0x00000870       0x22 c:/program files (x86)/mhv avr tools/bin/../lib/gcc/avr/4.8.2/../../../../avr/lib/avr5\libm.a(fp_round.o)
                0x00000870                __fp_round
 .text.avr-libc.fplib
                0x00000892       0x44 c:/program files (x86)/mhv avr tools/bin/../lib/gcc/avr/4.8.2/../../../../avr/lib/avr5\libm.a(fp_split3.o)
                0x00000892                __fp_split3
                0x000008a2                __fp_splitA
 .text.avr-libc.fplib
                0x000008d6        0xe c:/program files (x86)/mhv avr tools/bin/../lib/gcc/avr/4.8.2/../../../../avr/lib/avr5\libm.a(fp_zero.o)
                0x000008d6                __fp_zero
                0x000008d8                __fp_szero
 .text.avr-libc.fplib
                0x000008e4       0x8a c:/program files (x86)/mhv avr tools/bin/../lib/gcc/avr/4.8.2/../../../../avr/lib/avr5\libm.a(log.o)
                0x000008ee                log
 .text.avr-libc.fplib
                0x0000096e        0x4 c:/program files (x86)/mhv avr tools/bin/../lib/gcc/avr/4.8.2/../../../../avr/lib/avr5\libm.a(mulsf3.o)
                0x0000096e                __mulsf3
 .text.avr-libc.fplib
                0x00000972       0xc2 c:/program files (x86)/mhv avr tools/bin/../lib/gcc/avr/4.8.2/../../../../avr/lib/avr5\libm.a(mulsf3x.o)
                0x00000986                __mulsf3x
                0x0000098a                __mulsf3_pse
 .text.avr-libc.fplib
                0x00000a34       0x1c c:/program files (x86)/mhv avr tools/bin/../lib/gcc/avr/4.8.2/../../../../avr/lib/avr5\libm.a(fp_mpack.o)
                0x00000a34                __fp_mpack
                0x00000a38                __fp_mpack_finite
 .text.avr-libc.fplib
                0x00000a50       0x4a c:/program files (x86)/mhv avr tools/bin/../lib/gcc/avr/4.8.2/../../../../avr/lib/avr5\libm.a(fp_powser.o)
                0x00000a50                __fp_powser
 .text.avr-libc
                0x00000a9a       0x60 c:/program files (x86)/mhv avr tools/bin/../lib/gcc/avr/4.8.2/../../../../avr/lib/avr5\libc.a(snprintf.o)
                0x00000a9a                snprintf
 .text.avr-libc
                0x00000afa      0x3a4 c:/program files (x86)/mhv avr tools/bin/../lib/gcc/avr/4.8.2/../../../../avr/lib/avr5\libc.a(vfprintf_std.o)
                0x00000afa                vfprintf
 .text.avr-libc
                0x00000e9e       0x16 c:/program files (x86)/mhv avr tools/bin/../lib/gcc/avr/4.8.2/../../../../avr/lib/avr5\libc.a(strnlen_P.o)
                0x00000e9e                strnlen_P
 .text.avr-libc
                0x00000eb4       0x16 c:/program files (x86)/mhv avr tools/bin/../lib/gcc/avr/4.8.2/../../../../avr/lib/avr5\libc.a(strnlen.o)
                0x00000eb4                strnlen
 .text.avr-libc
                0x00000eca       0x64 c:/program files (x86)/mhv avr tools/bin/../lib/gcc/avr/4.8.2/../../../../avr/lib/avr5\libc.a(fputc.o)
                0x00000eca                fputc
 .text.avr-libc
                0x00000f2e       0xbc c:/program files (x86)/mhv avr tools/bin/../lib/gcc/avr/4.8.2/../../../../avr/lib/avr5\libc.a(ultoa_invert.o)
                0x00000f2e                __ultoa_invert
 .text.libgcc.mul
                0x00000fea        0x0 c:/program files (x86)/mhv avr tools/bin/../lib/gcc/avr/4.8.2/avr5\libgcc.a(_prologue.o)
 .text.libgcc.div
                0x00000fea        0x0 c:/program files (x86)/mhv avr tools/bin/../lib/gcc/avr/4.8.2/avr5\libgcc.a(_prologue.o)
 .text.libgcc   0x00000fea        0x0 c:/program files (x86)/mhv avr tools/bin/../lib/gcc/avr/4.8.2/avr5\libgcc.a(_prologue.o)
 .text.libgcc.prologue
                0x00000fea       0x38 c:/program files (x86)/mhv avr tools/bin/../lib/gcc/avr/4.8.2/avr5\libgcc.a(_prologue.o)
                0x00000fea                __prologue_saves__
 .text.libgcc.builtins
                0x00001022        0x0 c:/program files (x86)/mhv avr tools/bin/../lib/gcc/avr/4.8.2/avr5\libgcc.a(_prologue.o)
 .text.libgcc.fmul
                0x00001022        0x0 c:/program files (x86)/mhv avr tools/bin/../lib/gcc/avr/4.8.2/avr5\libgcc.a(_prologue.o)
 .text.libgcc.fixed
                0x00001022        0x0 c:/program files (x86)/mhv avr tools/bin/../lib/gcc/avr/4.8.2/avr5\libgcc.a(_prologue.o)
 .text.libgcc.mul
                0x00001022        0x0 c:/program files (x86)/mhv avr tools/bin/../lib/gcc/avr/4.8.2/avr5\libgcc.a(_epilogue.o)
 .text.libgcc.div
                0x00001022        0x0 c:/program files (x86)/mhv avr tools/bin/../lib/gcc/avr/4.8.2/avr5\libgcc.a(_epilogue.o)
 .text.libgcc   0x00001022        0x0 c:/program files (x86)/mhv avr tools/bin/../lib/gcc/avr/4.8.2/avr5\libgcc.a(_epilogue.o)
 .text.libgcc.prologue
                0x00001022       0x36 c:/program files (x86)/mhv avr tools/bin/../lib/gcc/avr/4.8.2/avr5\libgcc.a(_epilogue.o)
                0x00001022                __epilogue_restores__
 .text.libgcc.builtins
                0x00001058        0x0 c:/program files (x86)/mhv avr tools/bin/../lib/gcc/avr/4.8.2/avr5\libgcc.a(_epilogue.o)
 .text.libgcc.fmul
                0x00001058        0x0 c:/program files (x86)/mhv avr tools/bin/../lib/gcc/avr/4.8.2/avr5\libgcc.a(_epilogue.o)
 .text.libgcc.fixed
                0x00001058        0x0 c:/program files (x86)/mhv avr tools/bin/../lib/gcc/avr/4.8.2/avr5\libgcc.a(_epilogue.o)
                0x00001058                . = ALIGN (0x2)
 *(.fini9)
 .fini9         0x00001058        0x0 c:/program files (x86)/mhv avr tools/bin/../lib/gcc/avr/4.8.2/avr5\libgcc.a(_exit.o)
                0x00001058                _exit
                0x00001058                exit
 *(.fini9)
 *(.fini8)
 *(.fini8)
 *(.fini7)
 *(.fini7)
 *(.fini6)
 *(.fini6)
 *(.fini5)
 *(.fini5)
 *(.fini4)
 *(.fini4)
 *(.fini3)
 *(.fini3)
 *(.fini2)
 *(.fini2)
 *(.fini1)
 *(.fini1)
 *(.fini0)
 .fini0         0x00001058        0x4 c:/program files (x86)/mhv avr tools/bin/../lib/gcc/avr/4.8.2/avr5\libgcc.a(_exit.o)
 *(.fini0)
                0x0000105c                _etext = .

.data           0x00800100       0x80 load address 0x0000105c
                0x00800100                PROVIDE (__data_start, .)
 *(.data)
 .data          0x00800100        0x0 c:/program files (x86)/mhv avr tools/bin/../lib/gcc/avr/4.8.2/../../../../avr/lib/avr5/crtm328p.o
 .data          0x00800100        0x0 ./ADC.o
 .data          0x00800100        0x0 ../libLCD_LIB.a(LCD_LIB.o)
 .data          0x00800100        0x0 c:/program files (x86)/mhv avr tools/bin/../lib/gcc/avr/4.8.2/avr5\libgcc.a(_exit.o)
 .data          0x00800100        0x0 c:/program files (x86)/mhv avr tools/bin/../lib/gcc/avr/4.8.2/avr5\libgcc.a(_copy_data.o)
 .data          0x00800100        0x0 c:/program files (x86)/mhv avr tools/bin/../lib/gcc/avr/4.8.2/../../../../avr/lib/avr5\libm.a(addsf3.o)
 .data          0x00800100        0x0 c:/program files (x86)/mhv avr tools/bin/../lib/gcc/avr/4.8.2/../../../../avr/lib/avr5\libm.a(addsf3x.o)
 .data          0x00800100        0x0 c:/program files (x86)/mhv avr tools/bin/../lib/gcc/avr/4.8.2/../../../../avr/lib/avr5\libm.a(divsf3.o)
 .data          0x00800100        0x0 c:/program files (x86)/mhv avr tools/bin/../lib/gcc/avr/4.8.2/../../../../avr/lib/avr5\libm.a(divsf3x.o)
 .data          0x00800100        0x0 c:/program files (x86)/mhv avr tools/bin/../lib/gcc/avr/4.8.2/../../../../avr/lib/avr5\libm.a(fixsfsi.o)
 .data          0x00800100        0x0 c:/program files (x86)/mhv avr tools/bin/../lib/gcc/avr/4.8.2/../../../../avr/lib/avr5\libm.a(fixunssfsi.o)
 .data          0x00800100        0x0 c:/program files (x86)/mhv avr tools/bin/../lib/gcc/avr/4.8.2/../../../../avr/lib/avr5\libm.a(floatsisf.o)
 .data          0x00800100        0x0 c:/program files (x86)/mhv avr tools/bin/../lib/gcc/avr/4.8.2/../../../../avr/lib/avr5\libm.a(fp_inf.o)
 .data          0x00800100        0x0 c:/program files (x86)/mhv avr tools/bin/../lib/gcc/avr/4.8.2/../../../../avr/lib/avr5\libm.a(fp_nan.o)
 .data          0x00800100        0x0 c:/program files (x86)/mhv avr tools/bin/../lib/gcc/avr/4.8.2/../../../../avr/lib/avr5\libm.a(fp_pscA.o)
 .data          0x00800100        0x0 c:/program files (x86)/mhv avr tools/bin/../lib/gcc/avr/4.8.2/../../../../avr/lib/avr5\libm.a(fp_pscB.o)
 .data          0x00800100        0x0 c:/program files (x86)/mhv avr tools/bin/../lib/gcc/avr/4.8.2/../../../../avr/lib/avr5\libm.a(fp_round.o)
 .data          0x00800100        0x0 c:/program files (x86)/mhv avr tools/bin/../lib/gcc/avr/4.8.2/../../../../avr/lib/avr5\libm.a(fp_split3.o)
 .data          0x00800100        0x0 c:/program files (x86)/mhv avr tools/bin/../lib/gcc/avr/4.8.2/../../../../avr/lib/avr5\libm.a(fp_zero.o)
 .data          0x00800100        0x0 c:/program files (x86)/mhv avr tools/bin/../lib/gcc/avr/4.8.2/../../../../avr/lib/avr5\libm.a(log.o)
 .data          0x00800100        0x0 c:/program files (x86)/mhv avr tools/bin/../lib/gcc/avr/4.8.2/../../../../avr/lib/avr5\libm.a(mulsf3.o)
 .data          0x00800100        0x0 c:/program files (x86)/mhv avr tools/bin/../lib/gcc/avr/4.8.2/../../../../avr/lib/avr5\libm.a(mulsf3x.o)
 .data          0x00800100        0x0 c:/program files (x86)/mhv avr tools/bin/../lib/gcc/avr/4.8.2/../../../../avr/lib/avr5\libm.a(fp_mpack.o)
 .data          0x00800100        0x0 c:/program files (x86)/mhv avr tools/bin/../lib/gcc/avr/4.8.2/../../../../avr/lib/avr5\libm.a(fp_powser.o)
 .data          0x00800100        0x0 c:/program files (x86)/mhv avr tools/bin/../lib/gcc/avr/4.8.2/../../../../avr/lib/avr5\libc.a(snprintf.o)
 .data          0x00800100        0x0 c:/program files (x86)/mhv avr tools/bin/../lib/gcc/avr/4.8.2/../../../../avr/lib/avr5\libc.a(vfprintf_std.o)
 .data          0x00800100        0x0 c:/program files (x86)/mhv avr tools/bin/../lib/gcc/avr/4.8.2/../../../../avr/lib/avr5\libc.a(strnlen_P.o)
 .data          0x00800100        0x0 c:/program files (x86)/mhv avr tools/bin/../lib/gcc/avr/4.8.2/../../../../avr/lib/avr5\libc.a(strnlen.o)
 .data          0x00800100        0x0 c:/program files (x86)/mhv avr tools/bin/../lib/gcc/avr/4.8.2/../../../../avr/lib/avr5\libc.a(fputc.o)
 .data          0x00800100        0x0 c:/program files (x86)/mhv avr tools/bin/../lib/gcc/avr/4.8.2/../../../../avr/lib/avr5\libc.a(ultoa_invert.o)
 .data          0x00800100        0x0 c:/program files (x86)/mhv avr tools/bin/../lib/gcc/avr/4.8.2/avr5\libgcc.a(_prologue.o)
 .data          0x00800100        0x0 c:/program files (x86)/mhv avr tools/bin/../lib/gcc/avr/4.8.2/avr5\libgcc.a(_epilogue.o)
 *(.data*)
 *(.rodata)
 .rodata        0x00800100       0x64 ./ADC.o
 *(.rodata*)
 .rodata.str1.1
                0x00800164       0x1c ./ADC.o
 *(.gnu.linkonce.d*)
                0x00800180                . = ALIGN (0x2)
                0x00800180                _edata = .
                0x00800180                PROVIDE (__data_end, .)

.bss            0x00800180        0x0
                0x00800180                PROVIDE (__bss_start, .)
 *(.bss)
 .bss           0x00800180        0x0 c:/program files (x86)/mhv avr tools/bin/../lib/gcc/avr/4.8.2/../../../../avr/lib/avr5/crtm328p.o
 .bss           0x00800180        0x0 ./ADC.o
 .bss           0x00800180        0x0 ../libLCD_LIB.a(LCD_LIB.o)
 .bss           0x00800180        0x0 c:/program files (x86)/mhv avr tools/bin/../lib/gcc/avr/4.8.2/avr5\libgcc.a(_exit.o)
 .bss           0x00800180        0x0 c:/program files (x86)/mhv avr tools/bin/../lib/gcc/avr/4.8.2/avr5\libgcc.a(_copy_data.o)
 .bss           0x00800180        0x0 c:/program files (x86)/mhv avr tools/bin/../lib/gcc/avr/4.8.2/../../../../avr/lib/avr5\libm.a(addsf3.o)
 .bss           0x00800180        0x0 c:/program files (x86)/mhv avr tools/bin/../lib/gcc/avr/4.8.2/../../../../avr/lib/avr5\libm.a(addsf3x.o)
 .bss           0x00800180        0x0 c:/program files (x86)/mhv avr tools/bin/../lib/gcc/avr/4.8.2/../../../../avr/lib/avr5\libm.a(divsf3.o)
 .bss           0x00800180        0x0 c:/program files (x86)/mhv avr tools/bin/../lib/gcc/avr/4.8.2/../../../../avr/lib/avr5\libm.a(divsf3x.o)
 .bss           0x00800180        0x0 c:/program files (x86)/mhv avr tools/bin/../lib/gcc/avr/4.8.2/../../../../avr/lib/avr5\libm.a(fixsfsi.o)
 .bss           0x00800180        0x0 c:/program files (x86)/mhv avr tools/bin/../lib/gcc/avr/4.8.2/../../../../avr/lib/avr5\libm.a(fixunssfsi.o)
 .bss           0x00800180        0x0 c:/program files (x86)/mhv avr tools/bin/../lib/gcc/avr/4.8.2/../../../../avr/lib/avr5\libm.a(floatsisf.o)
 .bss           0x00800180        0x0 c:/program files (x86)/mhv avr tools/bin/../lib/gcc/avr/4.8.2/../../../../avr/lib/avr5\libm.a(fp_inf.o)
 .bss           0x00800180        0x0 c:/program files (x86)/mhv avr tools/bin/../lib/gcc/avr/4.8.2/../../../../avr/lib/avr5\libm.a(fp_nan.o)
 .bss           0x00800180        0x0 c:/program files (x86)/mhv avr tools/bin/../lib/gcc/avr/4.8.2/../../../../avr/lib/avr5\libm.a(fp_pscA.o)
 .bss           0x00800180        0x0 c:/program files (x86)/mhv avr tools/bin/../lib/gcc/avr/4.8.2/../../../../avr/lib/avr5\libm.a(fp_pscB.o)
 .bss           0x00800180        0x0 c:/program files (x86)/mhv avr tools/bin/../lib/gcc/avr/4.8.2/../../../../avr/lib/avr5\libm.a(fp_round.o)
 .bss           0x00800180        0x0 c:/program files (x86)/mhv avr tools/bin/../lib/gcc/avr/4.8.2/../../../../avr/lib/avr5\libm.a(fp_split3.o)
 .bss           0x00800180        0x0 c:/program files (x86)/mhv avr tools/bin/../lib/gcc/avr/4.8.2/../../../../avr/lib/avr5\libm.a(fp_zero.o)
 .bss           0x00800180        0x0 c:/program files (x86)/mhv avr tools/bin/../lib/gcc/avr/4.8.2/../../../../avr/lib/avr5\libm.a(log.o)
 .bss           0x00800180        0x0 c:/program files (x86)/mhv avr tools/bin/../lib/gcc/avr/4.8.2/../../../../avr/lib/avr5\libm.a(mulsf3.o)
 .bss           0x00800180        0x0 c:/program files (x86)/mhv avr tools/bin/../lib/gcc/avr/4.8.2/../../../../avr/lib/avr5\libm.a(mulsf3x.o)
 .bss           0x00800180        0x0 c:/program files (x86)/mhv avr tools/bin/../lib/gcc/avr/4.8.2/../../../../avr/lib/avr5\libm.a(fp_mpack.o)
 .bss           0x00800180        0x0 c:/program files (x86)/mhv avr tools/bin/../lib/gcc/avr/4.8.2/../../../../avr/lib/avr5\libm.a(fp_powser.o)
 .bss           0x00800180        0x0 c:/program files (x86)/mhv avr tools/bin/../lib/gcc/avr/4.8.2/../../../../avr/lib/avr5\libc.a(snprintf.o)
 .bss           0x00800180        0x0 c:/program files (x86)/mhv avr tools/bin/../lib/gcc/avr/4.8.2/../../../../avr/lib/avr5\libc.a(vfprintf_std.o)
 .bss           0x00800180        0x0 c:/program files (x86)/mhv avr tools/bin/../lib/gcc/avr/4.8.2/../../../../avr/lib/avr5\libc.a(strnlen_P.o)
 .bss           0x00800180        0x0 c:/program files (x86)/mhv avr tools/bin/../lib/gcc/avr/4.8.2/../../../../avr/lib/avr5\libc.a(strnlen.o)
 .bss           0x00800180        0x0 c:/program files (x86)/mhv avr tools/bin/../lib/gcc/avr/4.8.2/../../../../avr/lib/avr5\libc.a(fputc.o)
 .bss           0x00800180        0x0 c:/program files (x86)/mhv avr tools/bin/../lib/gcc/avr/4.8.2/../../../../avr/lib/avr5\libc.a(ultoa_invert.o)
 .bss           0x00800180        0x0 c:/program files (x86)/mhv avr tools/bin/../lib/gcc/avr/4.8.2/avr5\libgcc.a(_prologue.o)
 .bss           0x00800180        0x0 c:/program files (x86)/mhv avr tools/bin/../lib/gcc/avr/4.8.2/avr5\libgcc.a(_epilogue.o)
 *(.bss*)
 *(COMMON)
                0x00800180                PROVIDE (__bss_end, .)
                0x0000105c                __data_load_start = LOADADDR (.data)
                0x000010dc                __data_load_end = (__data_load_start + SIZEOF (.data))

.noinit         0x00800180        0x0
                0x00800180                PROVIDE (__noinit_start, .)
 *(.noinit*)
                0x00800180                PROVIDE (__noinit_end, .)
                0x00800180                _end = .
                0x00800180                PROVIDE (__heap_start, .)

.eeprom         0x00810000        0x0
 *(.eeprom*)
                0x00810000                __eeprom_end = .

.fuse
 *(.fuse)
 *(.lfuse)
 *(.hfuse)
 *(.efuse)

.lock
 *(.lock*)

.signature
 *(.signature*)

.stab
 *(.stab)

.stabstr
 *(.stabstr)

.stab.excl
 *(.stab.excl)

.stab.exclstr
 *(.stab.exclstr)

.stab.index
 *(.stab.index)

.stab.indexstr
 *(.stab.indexstr)

.comment        0x00000000       0x27
 *(.comment)
 .comment       0x00000000       0x27 ./ADC.o
                                 0x28 (size before relaxing)
 .comment       0x00000000       0x28 ../libLCD_LIB.a(LCD_LIB.o)
 .comment       0x00000000       0x28 c:/program files (x86)/mhv avr tools/bin/../lib/gcc/avr/4.8.2/../../../../avr/lib/avr5\libc.a(snprintf.o)
 .comment       0x00000000       0x28 c:/program files (x86)/mhv avr tools/bin/../lib/gcc/avr/4.8.2/../../../../avr/lib/avr5\libc.a(vfprintf_std.o)
 .comment       0x00000000       0x28 c:/program files (x86)/mhv avr tools/bin/../lib/gcc/avr/4.8.2/../../../../avr/lib/avr5\libc.a(fputc.o)

.note.gnu.build-id
 *(.note.gnu.build-id)

.debug
 *(.debug)

.line
 *(.line)

.debug_srcinfo
 *(.debug_srcinfo)

.debug_sfnames
 *(.debug_sfnames)

.debug_aranges  0x00000000       0x80
 *(.debug_aranges)
 .debug_aranges
                0x00000000       0x20 c:/program files (x86)/mhv avr tools/bin/../lib/gcc/avr/4.8.2/avr5\libgcc.a(_exit.o)
 .debug_aranges
                0x00000020       0x20 c:/program files (x86)/mhv avr tools/bin/../lib/gcc/avr/4.8.2/avr5\libgcc.a(_copy_data.o)
 .debug_aranges
                0x00000040       0x20 c:/program files (x86)/mhv avr tools/bin/../lib/gcc/avr/4.8.2/avr5\libgcc.a(_prologue.o)
 .debug_aranges
                0x00000060       0x20 c:/program files (x86)/mhv avr tools/bin/../lib/gcc/avr/4.8.2/avr5\libgcc.a(_epilogue.o)

.debug_pubnames
 *(.debug_pubnames)

.debug_info     0x00000000      0x868
 *(.debug_info .gnu.linkonce.wi.*)
 .debug_info    0x00000000      0x5f4 c:/program files (x86)/mhv avr tools/bin/../lib/gcc/avr/4.8.2/../../../../avr/lib/avr5/crtm328p.o
 .debug_info    0x000005f4       0x9d c:/program files (x86)/mhv avr tools/bin/../lib/gcc/avr/4.8.2/avr5\libgcc.a(_exit.o)
 .debug_info    0x00000691       0x9d c:/program files (x86)/mhv avr tools/bin/../lib/gcc/avr/4.8.2/avr5\libgcc.a(_copy_data.o)
 .debug_info    0x0000072e       0x9d c:/program files (x86)/mhv avr tools/bin/../lib/gcc/avr/4.8.2/avr5\libgcc.a(_prologue.o)
 .debug_info    0x000007cb       0x9d c:/program files (x86)/mhv avr tools/bin/../lib/gcc/avr/4.8.2/avr5\libgcc.a(_epilogue.o)

.debug_abbrev   0x00000000      0x5f2
 *(.debug_abbrev)
 .debug_abbrev  0x00000000      0x5a2 c:/program files (x86)/mhv avr tools/bin/../lib/gcc/avr/4.8.2/../../../../avr/lib/avr5/crtm328p.o
 .debug_abbrev  0x000005a2       0x14 c:/program files (x86)/mhv avr tools/bin/../lib/gcc/avr/4.8.2/avr5\libgcc.a(_exit.o)
 .debug_abbrev  0x000005b6       0x14 c:/program files (x86)/mhv avr tools/bin/../lib/gcc/avr/4.8.2/avr5\libgcc.a(_copy_data.o)
 .debug_abbrev  0x000005ca       0x14 c:/program files (x86)/mhv avr tools/bin/../lib/gcc/avr/4.8.2/avr5\libgcc.a(_prologue.o)
 .debug_abbrev  0x000005de       0x14 c:/program files (x86)/mhv avr tools/bin/../lib/gcc/avr/4.8.2/avr5\libgcc.a(_epilogue.o)

.debug_line     0x00000000      0x1fe
 *(.debug_line .debug_line.* .debug_line_end)
 .debug_line    0x00000000       0x1a c:/program files (x86)/mhv avr tools/bin/../lib/gcc/avr/4.8.2/../../../../avr/lib/avr5/crtm328p.o
 .debug_line    0x0000001a       0x69 c:/program files (x86)/mhv avr tools/bin/../lib/gcc/avr/4.8.2/avr5\libgcc.a(_exit.o)
 .debug_line    0x00000083       0x72 c:/program files (x86)/mhv avr tools/bin/../lib/gcc/avr/4.8.2/avr5\libgcc.a(_copy_data.o)
 .debug_line    0x000000f5       0x85 c:/program files (x86)/mhv avr tools/bin/../lib/gcc/avr/4.8.2/avr5\libgcc.a(_prologue.o)
 .debug_line    0x0000017a       0x84 c:/program files (x86)/mhv avr tools/bin/../lib/gcc/avr/4.8.2/avr5\libgcc.a(_epilogue.o)

.debug_frame
 *(.debug_frame)

.debug_str      0x00000000      0x20b
 *(.debug_str)
 .debug_str     0x00000000      0x20b c:/program files (x86)/mhv avr tools/bin/../lib/gcc/avr/4.8.2/../../../../avr/lib/avr5/crtm328p.o

.debug_loc
 *(.debug_loc)

.debug_macinfo
 *(.debug_macinfo)

.debug_weaknames
 *(.debug_weaknames)

.debug_funcnames
 *(.debug_funcnames)

.debug_typenames
 *(.debug_typenames)

.debug_varnames
 *(.debug_varnames)

.debug_pubtypes
 *(.debug_pubtypes)

.debug_ranges
 *(.debug_ranges)

.debug_macro
 *(.debug_macro)
OUTPUT(ADC.elf elf32-avr)
LOAD linker stubs
