Archive member included because of file (symbol)

../libLCD_LIB.a(LCD_LIB.o)    ./buttonint.o (lcd_clear)
c:/program files (x86)/mhv avr tools/bin/../lib/gcc/avr/4.7.1/avr5\libgcc.a(_exit.o)
                              c:/program files (x86)/mhv avr tools/bin/../lib/gcc/avr/4.7.1/../../../../avr/lib/avr5/crtm328p.o (exit)
c:/program files (x86)/mhv avr tools/bin/../lib/gcc/avr/4.7.1/avr5\libgcc.a(_copy_data.o)
                              ./buttonint.o (__do_copy_data)
c:/program files (x86)/mhv avr tools/bin/../lib/gcc/avr/4.7.1/avr5\libgcc.a(_clear_bss.o)
                              ./buttonint.o (__do_clear_bss)
c:/program files (x86)/mhv avr tools/bin/../lib/gcc/avr/4.7.1/../../../../avr/lib/avr5\libc.a(snprintf.o)
                              ./buttonint.o (snprintf)
c:/program files (x86)/mhv avr tools/bin/../lib/gcc/avr/4.7.1/../../../../avr/lib/avr5\libc.a(vfprintf_std.o)
                              c:/program files (x86)/mhv avr tools/bin/../lib/gcc/avr/4.7.1/../../../../avr/lib/avr5\libc.a(snprintf.o) (vfprintf)
c:/program files (x86)/mhv avr tools/bin/../lib/gcc/avr/4.7.1/../../../../avr/lib/avr5\libc.a(strnlen_P.o)
                              c:/program files (x86)/mhv avr tools/bin/../lib/gcc/avr/4.7.1/../../../../avr/lib/avr5\libc.a(vfprintf_std.o) (strnlen_P)
c:/program files (x86)/mhv avr tools/bin/../lib/gcc/avr/4.7.1/../../../../avr/lib/avr5\libc.a(strnlen.o)
                              c:/program files (x86)/mhv avr tools/bin/../lib/gcc/avr/4.7.1/../../../../avr/lib/avr5\libc.a(vfprintf_std.o) (strnlen)
c:/program files (x86)/mhv avr tools/bin/../lib/gcc/avr/4.7.1/../../../../avr/lib/avr5\libc.a(fputc.o)
                              c:/program files (x86)/mhv avr tools/bin/../lib/gcc/avr/4.7.1/../../../../avr/lib/avr5\libc.a(vfprintf_std.o) (fputc)
c:/program files (x86)/mhv avr tools/bin/../lib/gcc/avr/4.7.1/../../../../avr/lib/avr5\libc.a(ultoa_invert.o)
                              c:/program files (x86)/mhv avr tools/bin/../lib/gcc/avr/4.7.1/../../../../avr/lib/avr5\libc.a(vfprintf_std.o) (__ultoa_invert)
c:/program files (x86)/mhv avr tools/bin/../lib/gcc/avr/4.7.1/avr5\libgcc.a(_prologue.o)
                              c:/program files (x86)/mhv avr tools/bin/../lib/gcc/avr/4.7.1/../../../../avr/lib/avr5\libc.a(vfprintf_std.o) (__prologue_saves__)
c:/program files (x86)/mhv avr tools/bin/../lib/gcc/avr/4.7.1/avr5\libgcc.a(_epilogue.o)
                              c:/program files (x86)/mhv avr tools/bin/../lib/gcc/avr/4.7.1/../../../../avr/lib/avr5\libc.a(vfprintf_std.o) (__epilogue_restores__)

Memory Configuration

Name             Origin             Length             Attributes
text             0x00000000         0x00020000         xr
data             0x00800060         0x0000ffa0         rw !x
eeprom           0x00810000         0x00010000         rw !x
fuse             0x00820000         0x00000400         rw !x
lock             0x00830000         0x00000400         rw !x
signature        0x00840000         0x00000400         rw !x
*default*        0x00000000         0xffffffff

Linker script and memory map

Address of section .data set to 0x800100
LOAD c:/program files (x86)/mhv avr tools/bin/../lib/gcc/avr/4.7.1/../../../../avr/lib/avr5/crtm328p.o
LOAD ./buttonint.o
LOAD ../libLCD_LIB.a
LOAD c:/program files (x86)/mhv avr tools/bin/../lib/gcc/avr/4.7.1/avr5\libgcc.a
LOAD c:/program files (x86)/mhv avr tools/bin/../lib/gcc/avr/4.7.1/../../../../avr/lib/avr5\libc.a
LOAD c:/program files (x86)/mhv avr tools/bin/../lib/gcc/avr/4.7.1/avr5\libgcc.a

.hash
 *(.hash)

.dynsym
 *(.dynsym)

.dynstr
 *(.dynstr)

.gnu.version
 *(.gnu.version)

.gnu.version_d
 *(.gnu.version_d)

.gnu.version_r
 *(.gnu.version_r)

.rel.init
 *(.rel.init)

.rela.init
 *(.rela.init)

.rel.text
 *(.rel.text)
 *(.rel.text.*)
 *(.rel.gnu.linkonce.t*)

.rela.text
 *(.rela.text)
 *(.rela.text.*)
 *(.rela.gnu.linkonce.t*)

.rel.fini
 *(.rel.fini)

.rela.fini
 *(.rela.fini)

.rel.rodata
 *(.rel.rodata)
 *(.rel.rodata.*)
 *(.rel.gnu.linkonce.r*)

.rela.rodata
 *(.rela.rodata)
 *(.rela.rodata.*)
 *(.rela.gnu.linkonce.r*)

.rel.data
 *(.rel.data)
 *(.rel.data.*)
 *(.rel.gnu.linkonce.d*)

.rela.data
 *(.rela.data)
 *(.rela.data.*)
 *(.rela.gnu.linkonce.d*)

.rel.ctors
 *(.rel.ctors)

.rela.ctors
 *(.rela.ctors)

.rel.dtors
 *(.rel.dtors)

.rela.dtors
 *(.rela.dtors)

.rel.got
 *(.rel.got)

.rela.got
 *(.rela.got)

.rel.bss
 *(.rel.bss)

.rela.bss
 *(.rela.bss)

.rel.plt
 *(.rel.plt)

.rela.plt
 *(.rela.plt)

.text           0x00000000      0xc14
 *(.vectors)
 .vectors       0x00000000       0x68 c:/program files (x86)/mhv avr tools/bin/../lib/gcc/avr/4.7.1/../../../../avr/lib/avr5/crtm328p.o
                0x00000000                __vector_default
                0x00000000                __vectors
 *(.vectors)
 *(.progmem.gcc*)
 *(.progmem*)
                0x00000068                . = ALIGN (0x2)
                0x00000068                __trampolines_start = .
 *(.trampolines)
 .trampolines   0x00000068        0x0 linker stubs
 *(.trampolines*)
                0x00000068                __trampolines_end = .
 *(.jumptables)
 *(.jumptables*)
 *(.lowtext)
 *(.lowtext*)
                0x00000068                __ctors_start = .
 *(.ctors)
                0x00000068                __ctors_end = .
                0x00000068                __dtors_start = .
 *(.dtors)
                0x00000068                __dtors_end = .
 SORT(*)(.ctors)
 SORT(*)(.dtors)
 *(.init0)
 .init0         0x00000068        0x0 c:/program files (x86)/mhv avr tools/bin/../lib/gcc/avr/4.7.1/../../../../avr/lib/avr5/crtm328p.o
                0x00000068                __init
 *(.init0)
 *(.init1)
 *(.init1)
 *(.init2)
 .init2         0x00000068        0xc c:/program files (x86)/mhv avr tools/bin/../lib/gcc/avr/4.7.1/../../../../avr/lib/avr5/crtm328p.o
 *(.init2)
 *(.init3)
 *(.init3)
 *(.init4)
 .init4         0x00000074       0x16 c:/program files (x86)/mhv avr tools/bin/../lib/gcc/avr/4.7.1/avr5\libgcc.a(_copy_data.o)
                0x00000074                __do_copy_data
 .init4         0x0000008a       0x10 c:/program files (x86)/mhv avr tools/bin/../lib/gcc/avr/4.7.1/avr5\libgcc.a(_clear_bss.o)
                0x0000008a                __do_clear_bss
 *(.init4)
 *(.init5)
 *(.init5)
 *(.init6)
 *(.init6)
 *(.init7)
 *(.init7)
 *(.init8)
 *(.init8)
 *(.init9)
 .init9         0x0000009a        0x8 c:/program files (x86)/mhv avr tools/bin/../lib/gcc/avr/4.7.1/../../../../avr/lib/avr5/crtm328p.o
 *(.init9)
 *(.text)
 .text          0x000000a2        0x4 c:/program files (x86)/mhv avr tools/bin/../lib/gcc/avr/4.7.1/../../../../avr/lib/avr5/crtm328p.o
                0x000000a2                __vector_22
                0x000000a2                __vector_1
                0x000000a2                __vector_24
                0x000000a2                __vector_12
                0x000000a2                __bad_interrupt
                0x000000a2                __vector_6
                0x000000a2                __vector_23
                0x000000a2                __vector_25
                0x000000a2                __vector_13
                0x000000a2                __vector_17
                0x000000a2                __vector_19
                0x000000a2                __vector_7
                0x000000a2                __vector_5
                0x000000a2                __vector_4
                0x000000a2                __vector_9
                0x000000a2                __vector_2
                0x000000a2                __vector_21
                0x000000a2                __vector_15
                0x000000a2                __vector_8
                0x000000a2                __vector_14
                0x000000a2                __vector_10
                0x000000a2                __vector_16
                0x000000a2                __vector_18
                0x000000a2                __vector_20
 .text          0x000000a6        0x0 ./buttonint.o
 .text          0x000000a6        0x0 ../libLCD_LIB.a(LCD_LIB.o)
 .text          0x000000a6        0x0 c:/program files (x86)/mhv avr tools/bin/../lib/gcc/avr/4.7.1/avr5\libgcc.a(_exit.o)
 .text          0x000000a6        0x0 c:/program files (x86)/mhv avr tools/bin/../lib/gcc/avr/4.7.1/avr5\libgcc.a(_copy_data.o)
 .text          0x000000a6        0x0 c:/program files (x86)/mhv avr tools/bin/../lib/gcc/avr/4.7.1/avr5\libgcc.a(_clear_bss.o)
 .text          0x000000a6        0x0 c:/program files (x86)/mhv avr tools/bin/../lib/gcc/avr/4.7.1/../../../../avr/lib/avr5\libc.a(snprintf.o)
 .text          0x000000a6        0x0 c:/program files (x86)/mhv avr tools/bin/../lib/gcc/avr/4.7.1/../../../../avr/lib/avr5\libc.a(vfprintf_std.o)
 .text          0x000000a6        0x0 c:/program files (x86)/mhv avr tools/bin/../lib/gcc/avr/4.7.1/../../../../avr/lib/avr5\libc.a(strnlen_P.o)
 .text          0x000000a6        0x0 c:/program files (x86)/mhv avr tools/bin/../lib/gcc/avr/4.7.1/../../../../avr/lib/avr5\libc.a(strnlen.o)
 .text          0x000000a6        0x0 c:/program files (x86)/mhv avr tools/bin/../lib/gcc/avr/4.7.1/../../../../avr/lib/avr5\libc.a(fputc.o)
 .text          0x000000a6        0x0 c:/program files (x86)/mhv avr tools/bin/../lib/gcc/avr/4.7.1/../../../../avr/lib/avr5\libc.a(ultoa_invert.o)
 .text          0x000000a6        0x0 c:/program files (x86)/mhv avr tools/bin/../lib/gcc/avr/4.7.1/avr5\libgcc.a(_prologue.o)
 .text          0x000000a6        0x0 c:/program files (x86)/mhv avr tools/bin/../lib/gcc/avr/4.7.1/avr5\libgcc.a(_epilogue.o)
                0x000000a6                . = ALIGN (0x2)
 *(.text.*)
 .text.Update_Time
                0x000000a6       0x76 ./buttonint.o
                0x000000a6                Update_Time
 .text.Initialise_Interrupts
                0x0000011c       0x5c ./buttonint.o
                0x0000011c                Initialise_Interrupts
 .text.startup.main
                0x00000178       0xaa ./buttonint.o
                0x00000178                main
 .text.__vector_11
                0x00000222       0x72 ./buttonint.o
                0x00000222                __vector_11
 .text.__vector_3
                0x00000294       0xb6 ./buttonint.o
                0x00000294                __vector_3
 .text.ctrl_port_set_bits
                0x0000034a       0x1e ../libLCD_LIB.a(LCD_LIB.o)
 .text.ctrl_port_clear_bits
                0x00000368       0x20 ../libLCD_LIB.a(LCD_LIB.o)
 .text.enable_bit
                0x00000388       0x1e ../libLCD_LIB.a(LCD_LIB.o)
 .text.lcd_init_write
                0x000003a6       0x12 ../libLCD_LIB.a(LCD_LIB.o)
 .text.lcd_cmd  0x000003b8       0x2a ../libLCD_LIB.a(LCD_LIB.o)
 .text.lcd_clear
                0x000003e2       0x18 ../libLCD_LIB.a(LCD_LIB.o)
                0x000003e2                lcd_clear
 .text.lcd_init
                0x000003fa       0x7c ../libLCD_LIB.a(LCD_LIB.o)
                0x000003fa                lcd_init
 .text.lcd_display
                0x00000476      0x1b0 ../libLCD_LIB.a(LCD_LIB.o)
                0x00000476                lcd_display
 .text.libgcc.mul
                0x00000626        0x0 c:/program files (x86)/mhv avr tools/bin/../lib/gcc/avr/4.7.1/avr5\libgcc.a(_exit.o)
 .text.libgcc.div
                0x00000626        0x0 c:/program files (x86)/mhv avr tools/bin/../lib/gcc/avr/4.7.1/avr5\libgcc.a(_exit.o)
 .text.libgcc   0x00000626        0x0 c:/program files (x86)/mhv avr tools/bin/../lib/gcc/avr/4.7.1/avr5\libgcc.a(_exit.o)
 .text.libgcc.prologue
                0x00000626        0x0 c:/program files (x86)/mhv avr tools/bin/../lib/gcc/avr/4.7.1/avr5\libgcc.a(_exit.o)
 .text.libgcc.builtins
                0x00000626        0x0 c:/program files (x86)/mhv avr tools/bin/../lib/gcc/avr/4.7.1/avr5\libgcc.a(_exit.o)
 .text.libgcc.fmul
                0x00000626        0x0 c:/program files (x86)/mhv avr tools/bin/../lib/gcc/avr/4.7.1/avr5\libgcc.a(_exit.o)
 .text.libgcc.mul
                0x00000626        0x0 c:/program files (x86)/mhv avr tools/bin/../lib/gcc/avr/4.7.1/avr5\libgcc.a(_copy_data.o)
 .text.libgcc.div
                0x00000626        0x0 c:/program files (x86)/mhv avr tools/bin/../lib/gcc/avr/4.7.1/avr5\libgcc.a(_copy_data.o)
 .text.libgcc   0x00000626        0x0 c:/program files (x86)/mhv avr tools/bin/../lib/gcc/avr/4.7.1/avr5\libgcc.a(_copy_data.o)
 .text.libgcc.prologue
                0x00000626        0x0 c:/program files (x86)/mhv avr tools/bin/../lib/gcc/avr/4.7.1/avr5\libgcc.a(_copy_data.o)
 .text.libgcc.builtins
                0x00000626        0x0 c:/program files (x86)/mhv avr tools/bin/../lib/gcc/avr/4.7.1/avr5\libgcc.a(_copy_data.o)
 .text.libgcc.fmul
                0x00000626        0x0 c:/program files (x86)/mhv avr tools/bin/../lib/gcc/avr/4.7.1/avr5\libgcc.a(_copy_data.o)
 .text.libgcc.mul
                0x00000626        0x0 c:/program files (x86)/mhv avr tools/bin/../lib/gcc/avr/4.7.1/avr5\libgcc.a(_clear_bss.o)
 .text.libgcc.div
                0x00000626        0x0 c:/program files (x86)/mhv avr tools/bin/../lib/gcc/avr/4.7.1/avr5\libgcc.a(_clear_bss.o)
 .text.libgcc   0x00000626        0x0 c:/program files (x86)/mhv avr tools/bin/../lib/gcc/avr/4.7.1/avr5\libgcc.a(_clear_bss.o)
 .text.libgcc.prologue
                0x00000626        0x0 c:/program files (x86)/mhv avr tools/bin/../lib/gcc/avr/4.7.1/avr5\libgcc.a(_clear_bss.o)
 .text.libgcc.builtins
                0x00000626        0x0 c:/program files (x86)/mhv avr tools/bin/../lib/gcc/avr/4.7.1/avr5\libgcc.a(_clear_bss.o)
 .text.libgcc.fmul
                0x00000626        0x0 c:/program files (x86)/mhv avr tools/bin/../lib/gcc/avr/4.7.1/avr5\libgcc.a(_clear_bss.o)
 .text.avr-libc
                0x00000626       0x7a c:/program files (x86)/mhv avr tools/bin/../lib/gcc/avr/4.7.1/../../../../avr/lib/avr5\libc.a(snprintf.o)
                0x00000626                snprintf
 .text.avr-libc
                0x000006a0      0x3ae c:/program files (x86)/mhv avr tools/bin/../lib/gcc/avr/4.7.1/../../../../avr/lib/avr5\libc.a(vfprintf_std.o)
                0x000006a0                vfprintf
 .text.avr-libc
                0x00000a4e       0x16 c:/program files (x86)/mhv avr tools/bin/../lib/gcc/avr/4.7.1/../../../../avr/lib/avr5\libc.a(strnlen_P.o)
                0x00000a4e                strnlen_P
 .text.avr-libc
                0x00000a64       0x16 c:/program files (x86)/mhv avr tools/bin/../lib/gcc/avr/4.7.1/../../../../avr/lib/avr5\libc.a(strnlen.o)
                0x00000a64                strnlen
 .text.avr-libc
                0x00000a7a       0x6c c:/program files (x86)/mhv avr tools/bin/../lib/gcc/avr/4.7.1/../../../../avr/lib/avr5\libc.a(fputc.o)
                0x00000a7a                fputc
 .text.avr-libc
                0x00000ae6       0xbc c:/program files (x86)/mhv avr tools/bin/../lib/gcc/avr/4.7.1/../../../../avr/lib/avr5\libc.a(ultoa_invert.o)
                0x00000ae6                __ultoa_invert
 .text.libgcc.mul
                0x00000ba2        0x0 c:/program files (x86)/mhv avr tools/bin/../lib/gcc/avr/4.7.1/avr5\libgcc.a(_prologue.o)
 .text.libgcc.div
                0x00000ba2        0x0 c:/program files (x86)/mhv avr tools/bin/../lib/gcc/avr/4.7.1/avr5\libgcc.a(_prologue.o)
 .text.libgcc   0x00000ba2        0x0 c:/program files (x86)/mhv avr tools/bin/../lib/gcc/avr/4.7.1/avr5\libgcc.a(_prologue.o)
 .text.libgcc.prologue
                0x00000ba2       0x38 c:/program files (x86)/mhv avr tools/bin/../lib/gcc/avr/4.7.1/avr5\libgcc.a(_prologue.o)
                0x00000ba2                __prologue_saves__
 .text.libgcc.builtins
                0x00000bda        0x0 c:/program files (x86)/mhv avr tools/bin/../lib/gcc/avr/4.7.1/avr5\libgcc.a(_prologue.o)
 .text.libgcc.fmul
                0x00000bda        0x0 c:/program files (x86)/mhv avr tools/bin/../lib/gcc/avr/4.7.1/avr5\libgcc.a(_prologue.o)
 .text.libgcc.mul
                0x00000bda        0x0 c:/program files (x86)/mhv avr tools/bin/../lib/gcc/avr/4.7.1/avr5\libgcc.a(_epilogue.o)
 .text.libgcc.div
                0x00000bda        0x0 c:/program files (x86)/mhv avr tools/bin/../lib/gcc/avr/4.7.1/avr5\libgcc.a(_epilogue.o)
 .text.libgcc   0x00000bda        0x0 c:/program files (x86)/mhv avr tools/bin/../lib/gcc/avr/4.7.1/avr5\libgcc.a(_epilogue.o)
 .text.libgcc.prologue
                0x00000bda       0x36 c:/program files (x86)/mhv avr tools/bin/../lib/gcc/avr/4.7.1/avr5\libgcc.a(_epilogue.o)
                0x00000bda                __epilogue_restores__
 .text.libgcc.builtins
                0x00000c10        0x0 c:/program files (x86)/mhv avr tools/bin/../lib/gcc/avr/4.7.1/avr5\libgcc.a(_epilogue.o)
 .text.libgcc.fmul
                0x00000c10        0x0 c:/program files (x86)/mhv avr tools/bin/../lib/gcc/avr/4.7.1/avr5\libgcc.a(_epilogue.o)
                0x00000c10                . = ALIGN (0x2)
 *(.fini9)
 .fini9         0x00000c10        0x0 c:/program files (x86)/mhv avr tools/bin/../lib/gcc/avr/4.7.1/avr5\libgcc.a(_exit.o)
                0x00000c10                _exit
                0x00000c10                exit
 *(.fini9)
 *(.fini8)
 *(.fini8)
 *(.fini7)
 *(.fini7)
 *(.fini6)
 *(.fini6)
 *(.fini5)
 *(.fini5)
 *(.fini4)
 *(.fini4)
 *(.fini3)
 *(.fini3)
 *(.fini2)
 *(.fini2)
 *(.fini1)
 *(.fini1)
 *(.fini0)
 .fini0         0x00000c10        0x4 c:/program files (x86)/mhv avr tools/bin/../lib/gcc/avr/4.7.1/avr5\libgcc.a(_exit.o)
 *(.fini0)
                0x00000c14                _etext = .

.data           0x00800100       0x18 load address 0x00000c14
                0x00800100                PROVIDE (__data_start, .)
 *(.data)
 .data          0x00800100        0x0 c:/program files (x86)/mhv avr tools/bin/../lib/gcc/avr/4.7.1/../../../../avr/lib/avr5/crtm328p.o
 .data          0x00800100        0x0 ./buttonint.o
 .data          0x00800100        0x0 ../libLCD_LIB.a(LCD_LIB.o)
 .data          0x00800100        0x0 c:/program files (x86)/mhv avr tools/bin/../lib/gcc/avr/4.7.1/avr5\libgcc.a(_exit.o)
 .data          0x00800100        0x0 c:/program files (x86)/mhv avr tools/bin/../lib/gcc/avr/4.7.1/avr5\libgcc.a(_copy_data.o)
 .data          0x00800100        0x0 c:/program files (x86)/mhv avr tools/bin/../lib/gcc/avr/4.7.1/avr5\libgcc.a(_clear_bss.o)
 .data          0x00800100        0x0 c:/program files (x86)/mhv avr tools/bin/../lib/gcc/avr/4.7.1/../../../../avr/lib/avr5\libc.a(snprintf.o)
 .data          0x00800100        0x0 c:/program files (x86)/mhv avr tools/bin/../lib/gcc/avr/4.7.1/../../../../avr/lib/avr5\libc.a(vfprintf_std.o)
 .data          0x00800100        0x0 c:/program files (x86)/mhv avr tools/bin/../lib/gcc/avr/4.7.1/../../../../avr/lib/avr5\libc.a(strnlen_P.o)
 .data          0x00800100        0x0 c:/program files (x86)/mhv avr tools/bin/../lib/gcc/avr/4.7.1/../../../../avr/lib/avr5\libc.a(strnlen.o)
 .data          0x00800100        0x0 c:/program files (x86)/mhv avr tools/bin/../lib/gcc/avr/4.7.1/../../../../avr/lib/avr5\libc.a(fputc.o)
 .data          0x00800100        0x0 c:/program files (x86)/mhv avr tools/bin/../lib/gcc/avr/4.7.1/../../../../avr/lib/avr5\libc.a(ultoa_invert.o)
 .data          0x00800100        0x0 c:/program files (x86)/mhv avr tools/bin/../lib/gcc/avr/4.7.1/avr5\libgcc.a(_prologue.o)
 .data          0x00800100        0x0 c:/program files (x86)/mhv avr tools/bin/../lib/gcc/avr/4.7.1/avr5\libgcc.a(_epilogue.o)
 *(.data*)
 *(.rodata)
 *(.rodata*)
 .rodata.str1.1
                0x00800100       0x17 ./buttonint.o
 *(.gnu.linkonce.d*)
                0x00800118                . = ALIGN (0x2)
 *fill*         0x00800117        0x1 
                0x00800118                _edata = .
                0x00800118                PROVIDE (__data_end, .)

.bss            0x00800118        0xe
                0x00800118                PROVIDE (__bss_start, .)
 *(.bss)
 .bss           0x00800118        0x0 c:/program files (x86)/mhv avr tools/bin/../lib/gcc/avr/4.7.1/../../../../avr/lib/avr5/crtm328p.o
 .bss           0x00800118        0x0 ./buttonint.o
 .bss           0x00800118        0x0 ../libLCD_LIB.a(LCD_LIB.o)
 .bss           0x00800118        0x0 c:/program files (x86)/mhv avr tools/bin/../lib/gcc/avr/4.7.1/avr5\libgcc.a(_exit.o)
 .bss           0x00800118        0x0 c:/program files (x86)/mhv avr tools/bin/../lib/gcc/avr/4.7.1/avr5\libgcc.a(_copy_data.o)
 .bss           0x00800118        0x0 c:/program files (x86)/mhv avr tools/bin/../lib/gcc/avr/4.7.1/avr5\libgcc.a(_clear_bss.o)
 .bss           0x00800118        0x0 c:/program files (x86)/mhv avr tools/bin/../lib/gcc/avr/4.7.1/../../../../avr/lib/avr5\libc.a(snprintf.o)
 .bss           0x00800118        0x0 c:/program files (x86)/mhv avr tools/bin/../lib/gcc/avr/4.7.1/../../../../avr/lib/avr5\libc.a(vfprintf_std.o)
 .bss           0x00800118        0x0 c:/program files (x86)/mhv avr tools/bin/../lib/gcc/avr/4.7.1/../../../../avr/lib/avr5\libc.a(strnlen_P.o)
 .bss           0x00800118        0x0 c:/program files (x86)/mhv avr tools/bin/../lib/gcc/avr/4.7.1/../../../../avr/lib/avr5\libc.a(strnlen.o)
 .bss           0x00800118        0x0 c:/program files (x86)/mhv avr tools/bin/../lib/gcc/avr/4.7.1/../../../../avr/lib/avr5\libc.a(fputc.o)
 .bss           0x00800118        0x0 c:/program files (x86)/mhv avr tools/bin/../lib/gcc/avr/4.7.1/../../../../avr/lib/avr5\libc.a(ultoa_invert.o)
 .bss           0x00800118        0x0 c:/program files (x86)/mhv avr tools/bin/../lib/gcc/avr/4.7.1/avr5\libgcc.a(_prologue.o)
 .bss           0x00800118        0x0 c:/program files (x86)/mhv avr tools/bin/../lib/gcc/avr/4.7.1/avr5\libgcc.a(_epilogue.o)
 *(.bss*)
 .bss.counter   0x00800118        0x2 ./buttonint.o
 .bss.seconds   0x0080011a        0x2 ./buttonint.o
 .bss.minutes   0x0080011c        0x2 ./buttonint.o
 .bss.hours     0x0080011e        0x2 ./buttonint.o
 .bss.stop      0x00800120        0x2 ./buttonint.o
 .bss.zeroed    0x00800122        0x2 ./buttonint.o
 .bss.use_port_b
                0x00800124        0x2 ../libLCD_LIB.a(LCD_LIB.o)
 *(COMMON)
                0x00800126                PROVIDE (__bss_end, .)
                0x00000c14                __data_load_start = LOADADDR (.data)
                0x00000c2c                __data_load_end = (__data_load_start + SIZEOF (.data))

.noinit         0x00800126        0x0
                0x00800126                PROVIDE (__noinit_start, .)
 *(.noinit*)
                0x00800126                PROVIDE (__noinit_end, .)
                0x00800126                _end = .
                0x00800126                PROVIDE (__heap_start, .)

.eeprom         0x00810000        0x0
 *(.eeprom*)
                0x00810000                __eeprom_end = .

.fuse
 *(.fuse)
 *(.lfuse)
 *(.hfuse)
 *(.efuse)

.lock
 *(.lock*)

.signature
 *(.signature*)

.stab
 *(.stab)

.stabstr
 *(.stabstr)

.stab.excl
 *(.stab.excl)

.stab.exclstr
 *(.stab.exclstr)

.stab.index
 *(.stab.index)

.stab.indexstr
 *(.stab.indexstr)

.comment        0x00000000       0x11
 *(.comment)
 .comment       0x00000000       0x11 ./buttonint.o
                                 0x12 (size before relaxing)
 .comment       0x00000000       0x12 ../libLCD_LIB.a(LCD_LIB.o)
 .comment       0x00000000       0x12 c:/program files (x86)/mhv avr tools/bin/../lib/gcc/avr/4.7.1/../../../../avr/lib/avr5\libc.a(snprintf.o)
 .comment       0x00000000       0x12 c:/program files (x86)/mhv avr tools/bin/../lib/gcc/avr/4.7.1/../../../../avr/lib/avr5\libc.a(vfprintf_std.o)
 .comment       0x00000000       0x12 c:/program files (x86)/mhv avr tools/bin/../lib/gcc/avr/4.7.1/../../../../avr/lib/avr5\libc.a(fputc.o)

.debug
 *(.debug)

.line
 *(.line)

.debug_srcinfo
 *(.debug_srcinfo)

.debug_sfnames
 *(.debug_sfnames)

.debug_aranges
 *(.debug_aranges)

.debug_pubnames
 *(.debug_pubnames)

.debug_info
 *(.debug_info)
 *(.gnu.linkonce.wi.*)

.debug_abbrev
 *(.debug_abbrev)

.debug_line
 *(.debug_line)

.debug_frame
 *(.debug_frame)

.debug_str
 *(.debug_str)

.debug_loc
 *(.debug_loc)

.debug_macinfo
 *(.debug_macinfo)

.debug_pubtypes
 *(.debug_pubtypes)

.debug_ranges
 *(.debug_ranges)

.debug_macro
 *(.debug_macro)
OUTPUT(Interupts.elf elf32-avr)
LOAD linker stubs
