Archive member included because of file (symbol)

c:/program files (x86)/mhv avr tools/bin/../lib/gcc/avr/4.7.1/../../../../avr/lib/avr5\libm.a(addsf3.o)
                              ./uart.o (__addsf3)
c:/program files (x86)/mhv avr tools/bin/../lib/gcc/avr/4.7.1/../../../../avr/lib/avr5\libm.a(addsf3x.o)
                              c:/program files (x86)/mhv avr tools/bin/../lib/gcc/avr/4.7.1/../../../../avr/lib/avr5\libm.a(addsf3.o) (__addsf3x)
c:/program files (x86)/mhv avr tools/bin/../lib/gcc/avr/4.7.1/../../../../avr/lib/avr5\libm.a(fixsfsi.o)
                              ./uart.o (__fixsfsi)
c:/program files (x86)/mhv avr tools/bin/../lib/gcc/avr/4.7.1/../../../../avr/lib/avr5\libm.a(fixunssfsi.o)
                              c:/program files (x86)/mhv avr tools/bin/../lib/gcc/avr/4.7.1/../../../../avr/lib/avr5\libm.a(fixsfsi.o) (__fixunssfsi)
c:/program files (x86)/mhv avr tools/bin/../lib/gcc/avr/4.7.1/../../../../avr/lib/avr5\libm.a(floatsisf.o)
                              ./uart.o (__floatsisf)
c:/program files (x86)/mhv avr tools/bin/../lib/gcc/avr/4.7.1/../../../../avr/lib/avr5\libm.a(fp_inf.o)
                              c:/program files (x86)/mhv avr tools/bin/../lib/gcc/avr/4.7.1/../../../../avr/lib/avr5\libm.a(addsf3x.o) (__fp_inf)
c:/program files (x86)/mhv avr tools/bin/../lib/gcc/avr/4.7.1/../../../../avr/lib/avr5\libm.a(fp_nan.o)
                              c:/program files (x86)/mhv avr tools/bin/../lib/gcc/avr/4.7.1/../../../../avr/lib/avr5\libm.a(addsf3x.o) (__fp_nan)
c:/program files (x86)/mhv avr tools/bin/../lib/gcc/avr/4.7.1/../../../../avr/lib/avr5\libm.a(fp_pscA.o)
                              c:/program files (x86)/mhv avr tools/bin/../lib/gcc/avr/4.7.1/../../../../avr/lib/avr5\libm.a(addsf3x.o) (__fp_pscA)
c:/program files (x86)/mhv avr tools/bin/../lib/gcc/avr/4.7.1/../../../../avr/lib/avr5\libm.a(fp_pscB.o)
                              c:/program files (x86)/mhv avr tools/bin/../lib/gcc/avr/4.7.1/../../../../avr/lib/avr5\libm.a(addsf3x.o) (__fp_pscB)
c:/program files (x86)/mhv avr tools/bin/../lib/gcc/avr/4.7.1/../../../../avr/lib/avr5\libm.a(fp_round.o)
                              c:/program files (x86)/mhv avr tools/bin/../lib/gcc/avr/4.7.1/../../../../avr/lib/avr5\libm.a(addsf3.o) (__fp_round)
c:/program files (x86)/mhv avr tools/bin/../lib/gcc/avr/4.7.1/../../../../avr/lib/avr5\libm.a(fp_split3.o)
                              c:/program files (x86)/mhv avr tools/bin/../lib/gcc/avr/4.7.1/../../../../avr/lib/avr5\libm.a(addsf3x.o) (__fp_split3)
c:/program files (x86)/mhv avr tools/bin/../lib/gcc/avr/4.7.1/../../../../avr/lib/avr5\libm.a(fp_zero.o)
                              c:/program files (x86)/mhv avr tools/bin/../lib/gcc/avr/4.7.1/../../../../avr/lib/avr5\libm.a(addsf3x.o) (__fp_zero)
c:/program files (x86)/mhv avr tools/bin/../lib/gcc/avr/4.7.1/../../../../avr/lib/avr5\libm.a(mulsf3.o)
                              ./uart.o (__mulsf3)
c:/program files (x86)/mhv avr tools/bin/../lib/gcc/avr/4.7.1/../../../../avr/lib/avr5\libm.a(mulsf3x.o)
                              c:/program files (x86)/mhv avr tools/bin/../lib/gcc/avr/4.7.1/../../../../avr/lib/avr5\libm.a(mulsf3.o) (__mulsf3x)
c:/program files (x86)/mhv avr tools/bin/../lib/gcc/avr/4.7.1/../../../../avr/lib/avr5\libm.a(pow.o)
                              ./uart.o (pow)
c:/program files (x86)/mhv avr tools/bin/../lib/gcc/avr/4.7.1/../../../../avr/lib/avr5\libm.a(exp.o)
                              c:/program files (x86)/mhv avr tools/bin/../lib/gcc/avr/4.7.1/../../../../avr/lib/avr5\libm.a(pow.o) (exp)
c:/program files (x86)/mhv avr tools/bin/../lib/gcc/avr/4.7.1/../../../../avr/lib/avr5\libm.a(fp_powser.o)
                              c:/program files (x86)/mhv avr tools/bin/../lib/gcc/avr/4.7.1/../../../../avr/lib/avr5\libm.a(exp.o) (__fp_powser)
c:/program files (x86)/mhv avr tools/bin/../lib/gcc/avr/4.7.1/../../../../avr/lib/avr5\libm.a(inverse.o)
                              c:/program files (x86)/mhv avr tools/bin/../lib/gcc/avr/4.7.1/../../../../avr/lib/avr5\libm.a(exp.o) (inverse)
c:/program files (x86)/mhv avr tools/bin/../lib/gcc/avr/4.7.1/../../../../avr/lib/avr5\libm.a(ldexp.o)
                              c:/program files (x86)/mhv avr tools/bin/../lib/gcc/avr/4.7.1/../../../../avr/lib/avr5\libm.a(exp.o) (ldexp)
c:/program files (x86)/mhv avr tools/bin/../lib/gcc/avr/4.7.1/../../../../avr/lib/avr5\libm.a(log.o)
                              c:/program files (x86)/mhv avr tools/bin/../lib/gcc/avr/4.7.1/../../../../avr/lib/avr5\libm.a(pow.o) (log)
c:/program files (x86)/mhv avr tools/bin/../lib/gcc/avr/4.7.1/../../../../avr/lib/avr5\libm.a(modf.o)
                              c:/program files (x86)/mhv avr tools/bin/../lib/gcc/avr/4.7.1/../../../../avr/lib/avr5\libm.a(exp.o) (modf)
c:/program files (x86)/mhv avr tools/bin/../lib/gcc/avr/4.7.1/../../../../avr/lib/avr5\libm.a(divsf3.o)
                              c:/program files (x86)/mhv avr tools/bin/../lib/gcc/avr/4.7.1/../../../../avr/lib/avr5\libm.a(inverse.o) (__divsf3)
c:/program files (x86)/mhv avr tools/bin/../lib/gcc/avr/4.7.1/../../../../avr/lib/avr5\libm.a(divsf3x.o)
                              c:/program files (x86)/mhv avr tools/bin/../lib/gcc/avr/4.7.1/../../../../avr/lib/avr5\libm.a(divsf3.o) (__divsf3x)
c:/program files (x86)/mhv avr tools/bin/../lib/gcc/avr/4.7.1/../../../../avr/lib/avr5\libm.a(fp_mpack.o)
                              c:/program files (x86)/mhv avr tools/bin/../lib/gcc/avr/4.7.1/../../../../avr/lib/avr5\libm.a(ldexp.o) (__fp_mpack)
c:/program files (x86)/mhv avr tools/bin/../lib/gcc/avr/4.7.1/avr5\libgcc.a(_divmodhi4.o)
                              ./uart.o (__divmodhi4)
c:/program files (x86)/mhv avr tools/bin/../lib/gcc/avr/4.7.1/avr5\libgcc.a(_udivmodsi4.o)
                              ./uart.o (__udivmodsi4)
c:/program files (x86)/mhv avr tools/bin/../lib/gcc/avr/4.7.1/avr5\libgcc.a(_exit.o)
                              c:/program files (x86)/mhv avr tools/bin/../lib/gcc/avr/4.7.1/../../../../avr/lib/avr5/crtm328p.o (exit)
c:/program files (x86)/mhv avr tools/bin/../lib/gcc/avr/4.7.1/avr5\libgcc.a(_copy_data.o)
                              ./uart.o (__do_copy_data)
c:/program files (x86)/mhv avr tools/bin/../lib/gcc/avr/4.7.1/avr5\libgcc.a(_clear_bss.o)
                              ./uart.o (__do_clear_bss)
c:/program files (x86)/mhv avr tools/bin/../lib/gcc/avr/4.7.1/avr5\libgcc.a(_udivmodhi4.o)
                              c:/program files (x86)/mhv avr tools/bin/../lib/gcc/avr/4.7.1/avr5\libgcc.a(_divmodhi4.o) (__udivmodhi4)
c:/program files (x86)/mhv avr tools/bin/../lib/gcc/avr/4.7.1/../../../../avr/lib/avr5\libc.a(snprintf.o)
                              ./uart.o (snprintf)
c:/program files (x86)/mhv avr tools/bin/../lib/gcc/avr/4.7.1/../../../../avr/lib/avr5\libc.a(vfprintf_std.o)
                              c:/program files (x86)/mhv avr tools/bin/../lib/gcc/avr/4.7.1/../../../../avr/lib/avr5\libc.a(snprintf.o) (vfprintf)
c:/program files (x86)/mhv avr tools/bin/../lib/gcc/avr/4.7.1/../../../../avr/lib/avr5\libc.a(strnlen_P.o)
                              c:/program files (x86)/mhv avr tools/bin/../lib/gcc/avr/4.7.1/../../../../avr/lib/avr5\libc.a(vfprintf_std.o) (strnlen_P)
c:/program files (x86)/mhv avr tools/bin/../lib/gcc/avr/4.7.1/../../../../avr/lib/avr5\libc.a(strnlen.o)
                              c:/program files (x86)/mhv avr tools/bin/../lib/gcc/avr/4.7.1/../../../../avr/lib/avr5\libc.a(vfprintf_std.o) (strnlen)
c:/program files (x86)/mhv avr tools/bin/../lib/gcc/avr/4.7.1/../../../../avr/lib/avr5\libc.a(fputc.o)
                              c:/program files (x86)/mhv avr tools/bin/../lib/gcc/avr/4.7.1/../../../../avr/lib/avr5\libc.a(vfprintf_std.o) (fputc)
c:/program files (x86)/mhv avr tools/bin/../lib/gcc/avr/4.7.1/../../../../avr/lib/avr5\libc.a(ultoa_invert.o)
                              c:/program files (x86)/mhv avr tools/bin/../lib/gcc/avr/4.7.1/../../../../avr/lib/avr5\libc.a(vfprintf_std.o) (__ultoa_invert)
c:/program files (x86)/mhv avr tools/bin/../lib/gcc/avr/4.7.1/avr5\libgcc.a(_prologue.o)
                              c:/program files (x86)/mhv avr tools/bin/../lib/gcc/avr/4.7.1/../../../../avr/lib/avr5\libc.a(vfprintf_std.o) (__prologue_saves__)
c:/program files (x86)/mhv avr tools/bin/../lib/gcc/avr/4.7.1/avr5\libgcc.a(_epilogue.o)
                              c:/program files (x86)/mhv avr tools/bin/../lib/gcc/avr/4.7.1/../../../../avr/lib/avr5\libc.a(vfprintf_std.o) (__epilogue_restores__)

Allocating common symbols
Common symbol       size              file

str                 0x28              ./uart.o

Memory Configuration

Name             Origin             Length             Attributes
text             0x00000000         0x00020000         xr
data             0x00800060         0x0000ffa0         rw !x
eeprom           0x00810000         0x00010000         rw !x
fuse             0x00820000         0x00000400         rw !x
lock             0x00830000         0x00000400         rw !x
signature        0x00840000         0x00000400         rw !x
*default*        0x00000000         0xffffffff

Linker script and memory map

Address of section .data set to 0x800100
LOAD c:/program files (x86)/mhv avr tools/bin/../lib/gcc/avr/4.7.1/../../../../avr/lib/avr5/crtm328p.o
LOAD ./uart.o
LOAD ../libLCD_LIB.a
LOAD c:/program files (x86)/mhv avr tools/bin/../lib/gcc/avr/4.7.1/../../../../avr/lib/avr5\libm.a
LOAD c:/program files (x86)/mhv avr tools/bin/../lib/gcc/avr/4.7.1/avr5\libgcc.a
LOAD c:/program files (x86)/mhv avr tools/bin/../lib/gcc/avr/4.7.1/../../../../avr/lib/avr5\libc.a
LOAD c:/program files (x86)/mhv avr tools/bin/../lib/gcc/avr/4.7.1/avr5\libgcc.a

.hash
 *(.hash)

.dynsym
 *(.dynsym)

.dynstr
 *(.dynstr)

.gnu.version
 *(.gnu.version)

.gnu.version_d
 *(.gnu.version_d)

.gnu.version_r
 *(.gnu.version_r)

.rel.init
 *(.rel.init)

.rela.init
 *(.rela.init)

.rel.text
 *(.rel.text)
 *(.rel.text.*)
 *(.rel.gnu.linkonce.t*)

.rela.text
 *(.rela.text)
 *(.rela.text.*)
 *(.rela.gnu.linkonce.t*)

.rel.fini
 *(.rel.fini)

.rela.fini
 *(.rela.fini)

.rel.rodata
 *(.rel.rodata)
 *(.rel.rodata.*)
 *(.rel.gnu.linkonce.r*)

.rela.rodata
 *(.rela.rodata)
 *(.rela.rodata.*)
 *(.rela.gnu.linkonce.r*)

.rel.data
 *(.rel.data)
 *(.rel.data.*)
 *(.rel.gnu.linkonce.d*)

.rela.data
 *(.rela.data)
 *(.rela.data.*)
 *(.rela.gnu.linkonce.d*)

.rel.ctors
 *(.rel.ctors)

.rela.ctors
 *(.rela.ctors)

.rel.dtors
 *(.rel.dtors)

.rela.dtors
 *(.rela.dtors)

.rel.got
 *(.rel.got)

.rela.got
 *(.rela.got)

.rel.bss
 *(.rel.bss)

.rela.bss
 *(.rela.bss)

.rel.plt
 *(.rel.plt)

.rela.plt
 *(.rela.plt)

.text           0x00000000     0x1450
 *(.vectors)
 .vectors       0x00000000       0x68 c:/program files (x86)/mhv avr tools/bin/../lib/gcc/avr/4.7.1/../../../../avr/lib/avr5/crtm328p.o
                0x00000000                __vector_default
                0x00000000                __vectors
 *(.vectors)
 *(.progmem.gcc*)
 .progmem.gcc_fplib
                0x00000068       0x28 c:/program files (x86)/mhv avr tools/bin/../lib/gcc/avr/4.7.1/../../../../avr/lib/avr5\libm.a(exp.o)
 .progmem.gcc_fplib
                0x00000090       0x5a c:/program files (x86)/mhv avr tools/bin/../lib/gcc/avr/4.7.1/../../../../avr/lib/avr5\libm.a(log.o)
 *(.progmem*)
                0x000000ea                . = ALIGN (0x2)
                0x000000ea                __trampolines_start = .
 *(.trampolines)
 .trampolines   0x000000ea        0x0 linker stubs
 *(.trampolines*)
                0x000000ea                __trampolines_end = .
 *(.jumptables)
 *(.jumptables*)
 *(.lowtext)
 *(.lowtext*)
                0x000000ea                __ctors_start = .
 *(.ctors)
                0x000000ea                __ctors_end = .
                0x000000ea                __dtors_start = .
 *(.dtors)
                0x000000ea                __dtors_end = .
 SORT(*)(.ctors)
 SORT(*)(.dtors)
 *(.init0)
 .init0         0x000000ea        0x0 c:/program files (x86)/mhv avr tools/bin/../lib/gcc/avr/4.7.1/../../../../avr/lib/avr5/crtm328p.o
                0x000000ea                __init
 *(.init0)
 *(.init1)
 *(.init1)
 *(.init2)
 .init2         0x000000ea        0xc c:/program files (x86)/mhv avr tools/bin/../lib/gcc/avr/4.7.1/../../../../avr/lib/avr5/crtm328p.o
 *(.init2)
 *(.init3)
 *(.init3)
 *(.init4)
 .init4         0x000000f6       0x16 c:/program files (x86)/mhv avr tools/bin/../lib/gcc/avr/4.7.1/avr5\libgcc.a(_copy_data.o)
                0x000000f6                __do_copy_data
 .init4         0x0000010c       0x10 c:/program files (x86)/mhv avr tools/bin/../lib/gcc/avr/4.7.1/avr5\libgcc.a(_clear_bss.o)
                0x0000010c                __do_clear_bss
 *(.init4)
 *(.init5)
 *(.init5)
 *(.init6)
 *(.init6)
 *(.init7)
 *(.init7)
 *(.init8)
 *(.init8)
 *(.init9)
 .init9         0x0000011c        0x8 c:/program files (x86)/mhv avr tools/bin/../lib/gcc/avr/4.7.1/../../../../avr/lib/avr5/crtm328p.o
 *(.init9)
 *(.text)
 .text          0x00000124        0x4 c:/program files (x86)/mhv avr tools/bin/../lib/gcc/avr/4.7.1/../../../../avr/lib/avr5/crtm328p.o
                0x00000124                __vector_22
                0x00000124                __vector_1
                0x00000124                __vector_24
                0x00000124                __vector_12
                0x00000124                __bad_interrupt
                0x00000124                __vector_6
                0x00000124                __vector_3
                0x00000124                __vector_23
                0x00000124                __vector_25
                0x00000124                __vector_11
                0x00000124                __vector_13
                0x00000124                __vector_17
                0x00000124                __vector_19
                0x00000124                __vector_7
                0x00000124                __vector_5
                0x00000124                __vector_4
                0x00000124                __vector_9
                0x00000124                __vector_2
                0x00000124                __vector_21
                0x00000124                __vector_15
                0x00000124                __vector_8
                0x00000124                __vector_14
                0x00000124                __vector_10
                0x00000124                __vector_16
                0x00000124                __vector_18
                0x00000124                __vector_20
 .text          0x00000128        0x0 ./uart.o
 .text          0x00000128        0x0 c:/program files (x86)/mhv avr tools/bin/../lib/gcc/avr/4.7.1/../../../../avr/lib/avr5\libm.a(addsf3.o)
 .text          0x00000128        0x0 c:/program files (x86)/mhv avr tools/bin/../lib/gcc/avr/4.7.1/../../../../avr/lib/avr5\libm.a(addsf3x.o)
 .text          0x00000128        0x0 c:/program files (x86)/mhv avr tools/bin/../lib/gcc/avr/4.7.1/../../../../avr/lib/avr5\libm.a(fixsfsi.o)
 .text          0x00000128        0x0 c:/program files (x86)/mhv avr tools/bin/../lib/gcc/avr/4.7.1/../../../../avr/lib/avr5\libm.a(fixunssfsi.o)
 .text          0x00000128        0x0 c:/program files (x86)/mhv avr tools/bin/../lib/gcc/avr/4.7.1/../../../../avr/lib/avr5\libm.a(floatsisf.o)
 .text          0x00000128        0x0 c:/program files (x86)/mhv avr tools/bin/../lib/gcc/avr/4.7.1/../../../../avr/lib/avr5\libm.a(fp_inf.o)
 .text          0x00000128        0x0 c:/program files (x86)/mhv avr tools/bin/../lib/gcc/avr/4.7.1/../../../../avr/lib/avr5\libm.a(fp_nan.o)
 .text          0x00000128        0x0 c:/program files (x86)/mhv avr tools/bin/../lib/gcc/avr/4.7.1/../../../../avr/lib/avr5\libm.a(fp_pscA.o)
 .text          0x00000128        0x0 c:/program files (x86)/mhv avr tools/bin/../lib/gcc/avr/4.7.1/../../../../avr/lib/avr5\libm.a(fp_pscB.o)
 .text          0x00000128        0x0 c:/program files (x86)/mhv avr tools/bin/../lib/gcc/avr/4.7.1/../../../../avr/lib/avr5\libm.a(fp_round.o)
 .text          0x00000128        0x0 c:/program files (x86)/mhv avr tools/bin/../lib/gcc/avr/4.7.1/../../../../avr/lib/avr5\libm.a(fp_split3.o)
 .text          0x00000128        0x0 c:/program files (x86)/mhv avr tools/bin/../lib/gcc/avr/4.7.1/../../../../avr/lib/avr5\libm.a(fp_zero.o)
 .text          0x00000128        0x0 c:/program files (x86)/mhv avr tools/bin/../lib/gcc/avr/4.7.1/../../../../avr/lib/avr5\libm.a(mulsf3.o)
 .text          0x00000128        0x0 c:/program files (x86)/mhv avr tools/bin/../lib/gcc/avr/4.7.1/../../../../avr/lib/avr5\libm.a(mulsf3x.o)
 .text          0x00000128        0x0 c:/program files (x86)/mhv avr tools/bin/../lib/gcc/avr/4.7.1/../../../../avr/lib/avr5\libm.a(pow.o)
 .text          0x00000128        0x0 c:/program files (x86)/mhv avr tools/bin/../lib/gcc/avr/4.7.1/../../../../avr/lib/avr5\libm.a(exp.o)
 .text          0x00000128        0x0 c:/program files (x86)/mhv avr tools/bin/../lib/gcc/avr/4.7.1/../../../../avr/lib/avr5\libm.a(fp_powser.o)
 .text          0x00000128        0x0 c:/program files (x86)/mhv avr tools/bin/../lib/gcc/avr/4.7.1/../../../../avr/lib/avr5\libm.a(inverse.o)
 .text          0x00000128        0x0 c:/program files (x86)/mhv avr tools/bin/../lib/gcc/avr/4.7.1/../../../../avr/lib/avr5\libm.a(ldexp.o)
 .text          0x00000128        0x0 c:/program files (x86)/mhv avr tools/bin/../lib/gcc/avr/4.7.1/../../../../avr/lib/avr5\libm.a(log.o)
 .text          0x00000128        0x0 c:/program files (x86)/mhv avr tools/bin/../lib/gcc/avr/4.7.1/../../../../avr/lib/avr5\libm.a(modf.o)
 .text          0x00000128        0x0 c:/program files (x86)/mhv avr tools/bin/../lib/gcc/avr/4.7.1/../../../../avr/lib/avr5\libm.a(divsf3.o)
 .text          0x00000128        0x0 c:/program files (x86)/mhv avr tools/bin/../lib/gcc/avr/4.7.1/../../../../avr/lib/avr5\libm.a(divsf3x.o)
 .text          0x00000128        0x0 c:/program files (x86)/mhv avr tools/bin/../lib/gcc/avr/4.7.1/../../../../avr/lib/avr5\libm.a(fp_mpack.o)
 .text          0x00000128        0x0 c:/program files (x86)/mhv avr tools/bin/../lib/gcc/avr/4.7.1/avr5\libgcc.a(_divmodhi4.o)
 .text          0x00000128        0x0 c:/program files (x86)/mhv avr tools/bin/../lib/gcc/avr/4.7.1/avr5\libgcc.a(_udivmodsi4.o)
 .text          0x00000128        0x0 c:/program files (x86)/mhv avr tools/bin/../lib/gcc/avr/4.7.1/avr5\libgcc.a(_exit.o)
 .text          0x00000128        0x0 c:/program files (x86)/mhv avr tools/bin/../lib/gcc/avr/4.7.1/avr5\libgcc.a(_copy_data.o)
 .text          0x00000128        0x0 c:/program files (x86)/mhv avr tools/bin/../lib/gcc/avr/4.7.1/avr5\libgcc.a(_clear_bss.o)
 .text          0x00000128        0x0 c:/program files (x86)/mhv avr tools/bin/../lib/gcc/avr/4.7.1/avr5\libgcc.a(_udivmodhi4.o)
 .text          0x00000128        0x0 c:/program files (x86)/mhv avr tools/bin/../lib/gcc/avr/4.7.1/../../../../avr/lib/avr5\libc.a(snprintf.o)
 .text          0x00000128        0x0 c:/program files (x86)/mhv avr tools/bin/../lib/gcc/avr/4.7.1/../../../../avr/lib/avr5\libc.a(vfprintf_std.o)
 .text          0x00000128        0x0 c:/program files (x86)/mhv avr tools/bin/../lib/gcc/avr/4.7.1/../../../../avr/lib/avr5\libc.a(strnlen_P.o)
 .text          0x00000128        0x0 c:/program files (x86)/mhv avr tools/bin/../lib/gcc/avr/4.7.1/../../../../avr/lib/avr5\libc.a(strnlen.o)
 .text          0x00000128        0x0 c:/program files (x86)/mhv avr tools/bin/../lib/gcc/avr/4.7.1/../../../../avr/lib/avr5\libc.a(fputc.o)
 .text          0x00000128        0x0 c:/program files (x86)/mhv avr tools/bin/../lib/gcc/avr/4.7.1/../../../../avr/lib/avr5\libc.a(ultoa_invert.o)
 .text          0x00000128        0x0 c:/program files (x86)/mhv avr tools/bin/../lib/gcc/avr/4.7.1/avr5\libgcc.a(_prologue.o)
 .text          0x00000128        0x0 c:/program files (x86)/mhv avr tools/bin/../lib/gcc/avr/4.7.1/avr5\libgcc.a(_epilogue.o)
                0x00000128                . = ALIGN (0x2)
 *(.text.*)
 .text.USART_Init
                0x00000128       0x4a ./uart.o
                0x00000128                USART_Init
 .text.uart_receive
                0x00000172        0xe ./uart.o
                0x00000172                uart_receive
 .text.uart_transmit
                0x00000180        0xe ./uart.o
                0x00000180                uart_transmit
 .text.startup.main
                0x0000018e      0x598 ./uart.o
                0x0000018e                main
 .text.avr-libc.fplib
                0x00000726        0xa c:/program files (x86)/mhv avr tools/bin/../lib/gcc/avr/4.7.1/../../../../avr/lib/avr5\libm.a(addsf3.o)
                0x00000726                __subsf3
                0x00000728                __addsf3
 .text.avr-libc.fplib
                0x00000730       0xc0 c:/program files (x86)/mhv avr tools/bin/../lib/gcc/avr/4.7.1/../../../../avr/lib/avr5\libm.a(addsf3x.o)
                0x0000074a                __addsf3x
 .text.avr-libc.fplib
                0x000007f0        0xa c:/program files (x86)/mhv avr tools/bin/../lib/gcc/avr/4.7.1/../../../../avr/lib/avr5\libm.a(fixsfsi.o)
                0x000007f0                __fixsfsi
 .text.avr-libc.fplib
                0x000007fa       0x58 c:/program files (x86)/mhv avr tools/bin/../lib/gcc/avr/4.7.1/../../../../avr/lib/avr5\libm.a(fixunssfsi.o)
                0x000007fa                __fixunssfsi
 .text.avr-libc.fplib
                0x00000852       0x7a c:/program files (x86)/mhv avr tools/bin/../lib/gcc/avr/4.7.1/../../../../avr/lib/avr5\libm.a(floatsisf.o)
                0x00000852                __floatunsisf
                0x00000856                __floatsisf
 .text.avr-libc.fplib
                0x000008cc        0xc c:/program files (x86)/mhv avr tools/bin/../lib/gcc/avr/4.7.1/../../../../avr/lib/avr5\libm.a(fp_inf.o)
                0x000008cc                __fp_inf
 .text.avr-libc.fplib
                0x000008d8        0x6 c:/program files (x86)/mhv avr tools/bin/../lib/gcc/avr/4.7.1/../../../../avr/lib/avr5\libm.a(fp_nan.o)
                0x000008d8                __fp_nan
 .text.avr-libc.fplib
                0x000008de        0xe c:/program files (x86)/mhv avr tools/bin/../lib/gcc/avr/4.7.1/../../../../avr/lib/avr5\libm.a(fp_pscA.o)
                0x000008de                __fp_pscA
 .text.avr-libc.fplib
                0x000008ec        0xe c:/program files (x86)/mhv avr tools/bin/../lib/gcc/avr/4.7.1/../../../../avr/lib/avr5\libm.a(fp_pscB.o)
                0x000008ec                __fp_pscB
 .text.avr-libc.fplib
                0x000008fa       0x22 c:/program files (x86)/mhv avr tools/bin/../lib/gcc/avr/4.7.1/../../../../avr/lib/avr5\libm.a(fp_round.o)
                0x000008fa                __fp_round
 .text.avr-libc.fplib
                0x0000091c       0x44 c:/program files (x86)/mhv avr tools/bin/../lib/gcc/avr/4.7.1/../../../../avr/lib/avr5\libm.a(fp_split3.o)
                0x0000091c                __fp_split3
                0x0000092c                __fp_splitA
 .text.avr-libc.fplib
                0x00000960        0xe c:/program files (x86)/mhv avr tools/bin/../lib/gcc/avr/4.7.1/../../../../avr/lib/avr5\libm.a(fp_zero.o)
                0x00000960                __fp_zero
                0x00000962                __fp_szero
 .text.avr-libc.fplib
                0x0000096e        0x4 c:/program files (x86)/mhv avr tools/bin/../lib/gcc/avr/4.7.1/../../../../avr/lib/avr5\libm.a(mulsf3.o)
                0x0000096e                __mulsf3
 .text.avr-libc.fplib
                0x00000972       0xc2 c:/program files (x86)/mhv avr tools/bin/../lib/gcc/avr/4.7.1/../../../../avr/lib/avr5\libm.a(mulsf3x.o)
                0x00000986                __mulsf3x
                0x0000098a                __mulsf3_pse
 .text.avr-libc.fplib
                0x00000a34       0x98 c:/program files (x86)/mhv avr tools/bin/../lib/gcc/avr/4.7.1/../../../../avr/lib/avr5\libm.a(pow.o)
                0x00000a34                pow
 .text.avr-libc.fplib
                0x00000acc       0x62 c:/program files (x86)/mhv avr tools/bin/../lib/gcc/avr/4.7.1/../../../../avr/lib/avr5\libm.a(exp.o)
                0x00000ad6                exp
 .text.avr-libc.fplib
                0x00000b2e       0x4a c:/program files (x86)/mhv avr tools/bin/../lib/gcc/avr/4.7.1/../../../../avr/lib/avr5\libm.a(fp_powser.o)
                0x00000b2e                __fp_powser
 .text.avr-libc.fplib
                0x00000b78        0xe c:/program files (x86)/mhv avr tools/bin/../lib/gcc/avr/4.7.1/../../../../avr/lib/avr5\libm.a(inverse.o)
                0x00000b78                inverse
 .text.avr-libc.fplib
                0x00000b86       0x6c c:/program files (x86)/mhv avr tools/bin/../lib/gcc/avr/4.7.1/../../../../avr/lib/avr5\libm.a(ldexp.o)
                0x00000b8a                ldexp
 .text.avr-libc.fplib
                0x00000bf2       0x8a c:/program files (x86)/mhv avr tools/bin/../lib/gcc/avr/4.7.1/../../../../avr/lib/avr5\libm.a(log.o)
                0x00000bfc                log
 .text.avr-libc.fplib
                0x00000c7c       0x66 c:/program files (x86)/mhv avr tools/bin/../lib/gcc/avr/4.7.1/../../../../avr/lib/avr5\libm.a(modf.o)
                0x00000c7c                modf
                0x00000c7c                modff
 .text.avr-libc.fplib
                0x00000ce2        0x4 c:/program files (x86)/mhv avr tools/bin/../lib/gcc/avr/4.7.1/../../../../avr/lib/avr5\libm.a(divsf3.o)
                0x00000ce2                __divsf3
 .text.avr-libc.fplib
                0x00000ce6       0xcc c:/program files (x86)/mhv avr tools/bin/../lib/gcc/avr/4.7.1/../../../../avr/lib/avr5\libm.a(divsf3x.o)
                0x00000cfc                __divsf3x
                0x00000d00                __divsf3_pse
 .text.avr-libc.fplib
                0x00000db2       0x1c c:/program files (x86)/mhv avr tools/bin/../lib/gcc/avr/4.7.1/../../../../avr/lib/avr5\libm.a(fp_mpack.o)
                0x00000db2                __fp_mpack
                0x00000db6                __fp_mpack_finite
 .text.libgcc.mul
                0x00000dce        0x0 c:/program files (x86)/mhv avr tools/bin/../lib/gcc/avr/4.7.1/avr5\libgcc.a(_divmodhi4.o)
 .text.libgcc.div
                0x00000dce       0x28 c:/program files (x86)/mhv avr tools/bin/../lib/gcc/avr/4.7.1/avr5\libgcc.a(_divmodhi4.o)
                0x00000dce                _div
                0x00000dce                __divmodhi4
 .text.libgcc   0x00000df6        0x0 c:/program files (x86)/mhv avr tools/bin/../lib/gcc/avr/4.7.1/avr5\libgcc.a(_divmodhi4.o)
 .text.libgcc.prologue
                0x00000df6        0x0 c:/program files (x86)/mhv avr tools/bin/../lib/gcc/avr/4.7.1/avr5\libgcc.a(_divmodhi4.o)
 .text.libgcc.builtins
                0x00000df6        0x0 c:/program files (x86)/mhv avr tools/bin/../lib/gcc/avr/4.7.1/avr5\libgcc.a(_divmodhi4.o)
 .text.libgcc.fmul
                0x00000df6        0x0 c:/program files (x86)/mhv avr tools/bin/../lib/gcc/avr/4.7.1/avr5\libgcc.a(_divmodhi4.o)
 .text.libgcc.mul
                0x00000df6        0x0 c:/program files (x86)/mhv avr tools/bin/../lib/gcc/avr/4.7.1/avr5\libgcc.a(_udivmodsi4.o)
 .text.libgcc.div
                0x00000df6       0x44 c:/program files (x86)/mhv avr tools/bin/../lib/gcc/avr/4.7.1/avr5\libgcc.a(_udivmodsi4.o)
                0x00000df6                __udivmodsi4
 .text.libgcc   0x00000e3a        0x0 c:/program files (x86)/mhv avr tools/bin/../lib/gcc/avr/4.7.1/avr5\libgcc.a(_udivmodsi4.o)
 .text.libgcc.prologue
                0x00000e3a        0x0 c:/program files (x86)/mhv avr tools/bin/../lib/gcc/avr/4.7.1/avr5\libgcc.a(_udivmodsi4.o)
 .text.libgcc.builtins
                0x00000e3a        0x0 c:/program files (x86)/mhv avr tools/bin/../lib/gcc/avr/4.7.1/avr5\libgcc.a(_udivmodsi4.o)
 .text.libgcc.fmul
                0x00000e3a        0x0 c:/program files (x86)/mhv avr tools/bin/../lib/gcc/avr/4.7.1/avr5\libgcc.a(_udivmodsi4.o)
 .text.libgcc.mul
                0x00000e3a        0x0 c:/program files (x86)/mhv avr tools/bin/../lib/gcc/avr/4.7.1/avr5\libgcc.a(_exit.o)
 .text.libgcc.div
                0x00000e3a        0x0 c:/program files (x86)/mhv avr tools/bin/../lib/gcc/avr/4.7.1/avr5\libgcc.a(_exit.o)
 .text.libgcc   0x00000e3a        0x0 c:/program files (x86)/mhv avr tools/bin/../lib/gcc/avr/4.7.1/avr5\libgcc.a(_exit.o)
 .text.libgcc.prologue
                0x00000e3a        0x0 c:/program files (x86)/mhv avr tools/bin/../lib/gcc/avr/4.7.1/avr5\libgcc.a(_exit.o)
 .text.libgcc.builtins
                0x00000e3a        0x0 c:/program files (x86)/mhv avr tools/bin/../lib/gcc/avr/4.7.1/avr5\libgcc.a(_exit.o)
 .text.libgcc.fmul
                0x00000e3a        0x0 c:/program files (x86)/mhv avr tools/bin/../lib/gcc/avr/4.7.1/avr5\libgcc.a(_exit.o)
 .text.libgcc.mul
                0x00000e3a        0x0 c:/program files (x86)/mhv avr tools/bin/../lib/gcc/avr/4.7.1/avr5\libgcc.a(_copy_data.o)
 .text.libgcc.div
                0x00000e3a        0x0 c:/program files (x86)/mhv avr tools/bin/../lib/gcc/avr/4.7.1/avr5\libgcc.a(_copy_data.o)
 .text.libgcc   0x00000e3a        0x0 c:/program files (x86)/mhv avr tools/bin/../lib/gcc/avr/4.7.1/avr5\libgcc.a(_copy_data.o)
 .text.libgcc.prologue
                0x00000e3a        0x0 c:/program files (x86)/mhv avr tools/bin/../lib/gcc/avr/4.7.1/avr5\libgcc.a(_copy_data.o)
 .text.libgcc.builtins
                0x00000e3a        0x0 c:/program files (x86)/mhv avr tools/bin/../lib/gcc/avr/4.7.1/avr5\libgcc.a(_copy_data.o)
 .text.libgcc.fmul
                0x00000e3a        0x0 c:/program files (x86)/mhv avr tools/bin/../lib/gcc/avr/4.7.1/avr5\libgcc.a(_copy_data.o)
 .text.libgcc.mul
                0x00000e3a        0x0 c:/program files (x86)/mhv avr tools/bin/../lib/gcc/avr/4.7.1/avr5\libgcc.a(_clear_bss.o)
 .text.libgcc.div
                0x00000e3a        0x0 c:/program files (x86)/mhv avr tools/bin/../lib/gcc/avr/4.7.1/avr5\libgcc.a(_clear_bss.o)
 .text.libgcc   0x00000e3a        0x0 c:/program files (x86)/mhv avr tools/bin/../lib/gcc/avr/4.7.1/avr5\libgcc.a(_clear_bss.o)
 .text.libgcc.prologue
                0x00000e3a        0x0 c:/program files (x86)/mhv avr tools/bin/../lib/gcc/avr/4.7.1/avr5\libgcc.a(_clear_bss.o)
 .text.libgcc.builtins
                0x00000e3a        0x0 c:/program files (x86)/mhv avr tools/bin/../lib/gcc/avr/4.7.1/avr5\libgcc.a(_clear_bss.o)
 .text.libgcc.fmul
                0x00000e3a        0x0 c:/program files (x86)/mhv avr tools/bin/../lib/gcc/avr/4.7.1/avr5\libgcc.a(_clear_bss.o)
 .text.libgcc.mul
                0x00000e3a        0x0 c:/program files (x86)/mhv avr tools/bin/../lib/gcc/avr/4.7.1/avr5\libgcc.a(_udivmodhi4.o)
 .text.libgcc.div
                0x00000e3a       0x28 c:/program files (x86)/mhv avr tools/bin/../lib/gcc/avr/4.7.1/avr5\libgcc.a(_udivmodhi4.o)
                0x00000e3a                __udivmodhi4
 .text.libgcc   0x00000e62        0x0 c:/program files (x86)/mhv avr tools/bin/../lib/gcc/avr/4.7.1/avr5\libgcc.a(_udivmodhi4.o)
 .text.libgcc.prologue
                0x00000e62        0x0 c:/program files (x86)/mhv avr tools/bin/../lib/gcc/avr/4.7.1/avr5\libgcc.a(_udivmodhi4.o)
 .text.libgcc.builtins
                0x00000e62        0x0 c:/program files (x86)/mhv avr tools/bin/../lib/gcc/avr/4.7.1/avr5\libgcc.a(_udivmodhi4.o)
 .text.libgcc.fmul
                0x00000e62        0x0 c:/program files (x86)/mhv avr tools/bin/../lib/gcc/avr/4.7.1/avr5\libgcc.a(_udivmodhi4.o)
 .text.avr-libc
                0x00000e62       0x7a c:/program files (x86)/mhv avr tools/bin/../lib/gcc/avr/4.7.1/../../../../avr/lib/avr5\libc.a(snprintf.o)
                0x00000e62                snprintf
 .text.avr-libc
                0x00000edc      0x3ae c:/program files (x86)/mhv avr tools/bin/../lib/gcc/avr/4.7.1/../../../../avr/lib/avr5\libc.a(vfprintf_std.o)
                0x00000edc                vfprintf
 .text.avr-libc
                0x0000128a       0x16 c:/program files (x86)/mhv avr tools/bin/../lib/gcc/avr/4.7.1/../../../../avr/lib/avr5\libc.a(strnlen_P.o)
                0x0000128a                strnlen_P
 .text.avr-libc
                0x000012a0       0x16 c:/program files (x86)/mhv avr tools/bin/../lib/gcc/avr/4.7.1/../../../../avr/lib/avr5\libc.a(strnlen.o)
                0x000012a0                strnlen
 .text.avr-libc
                0x000012b6       0x6c c:/program files (x86)/mhv avr tools/bin/../lib/gcc/avr/4.7.1/../../../../avr/lib/avr5\libc.a(fputc.o)
                0x000012b6                fputc
 .text.avr-libc
                0x00001322       0xbc c:/program files (x86)/mhv avr tools/bin/../lib/gcc/avr/4.7.1/../../../../avr/lib/avr5\libc.a(ultoa_invert.o)
                0x00001322                __ultoa_invert
 .text.libgcc.mul
                0x000013de        0x0 c:/program files (x86)/mhv avr tools/bin/../lib/gcc/avr/4.7.1/avr5\libgcc.a(_prologue.o)
 .text.libgcc.div
                0x000013de        0x0 c:/program files (x86)/mhv avr tools/bin/../lib/gcc/avr/4.7.1/avr5\libgcc.a(_prologue.o)
 .text.libgcc   0x000013de        0x0 c:/program files (x86)/mhv avr tools/bin/../lib/gcc/avr/4.7.1/avr5\libgcc.a(_prologue.o)
 .text.libgcc.prologue
                0x000013de       0x38 c:/program files (x86)/mhv avr tools/bin/../lib/gcc/avr/4.7.1/avr5\libgcc.a(_prologue.o)
                0x000013de                __prologue_saves__
 .text.libgcc.builtins
                0x00001416        0x0 c:/program files (x86)/mhv avr tools/bin/../lib/gcc/avr/4.7.1/avr5\libgcc.a(_prologue.o)
 .text.libgcc.fmul
                0x00001416        0x0 c:/program files (x86)/mhv avr tools/bin/../lib/gcc/avr/4.7.1/avr5\libgcc.a(_prologue.o)
 .text.libgcc.mul
                0x00001416        0x0 c:/program files (x86)/mhv avr tools/bin/../lib/gcc/avr/4.7.1/avr5\libgcc.a(_epilogue.o)
 .text.libgcc.div
                0x00001416        0x0 c:/program files (x86)/mhv avr tools/bin/../lib/gcc/avr/4.7.1/avr5\libgcc.a(_epilogue.o)
 .text.libgcc   0x00001416        0x0 c:/program files (x86)/mhv avr tools/bin/../lib/gcc/avr/4.7.1/avr5\libgcc.a(_epilogue.o)
 .text.libgcc.prologue
                0x00001416       0x36 c:/program files (x86)/mhv avr tools/bin/../lib/gcc/avr/4.7.1/avr5\libgcc.a(_epilogue.o)
                0x00001416                __epilogue_restores__
 .text.libgcc.builtins
                0x0000144c        0x0 c:/program files (x86)/mhv avr tools/bin/../lib/gcc/avr/4.7.1/avr5\libgcc.a(_epilogue.o)
 .text.libgcc.fmul
                0x0000144c        0x0 c:/program files (x86)/mhv avr tools/bin/../lib/gcc/avr/4.7.1/avr5\libgcc.a(_epilogue.o)
                0x0000144c                . = ALIGN (0x2)
 *(.fini9)
 .fini9         0x0000144c        0x0 c:/program files (x86)/mhv avr tools/bin/../lib/gcc/avr/4.7.1/avr5\libgcc.a(_exit.o)
                0x0000144c                _exit
                0x0000144c                exit
 *(.fini9)
 *(.fini8)
 *(.fini8)
 *(.fini7)
 *(.fini7)
 *(.fini6)
 *(.fini6)
 *(.fini5)
 *(.fini5)
 *(.fini4)
 *(.fini4)
 *(.fini3)
 *(.fini3)
 *(.fini2)
 *(.fini2)
 *(.fini1)
 *(.fini1)
 *(.fini0)
 .fini0         0x0000144c        0x4 c:/program files (x86)/mhv avr tools/bin/../lib/gcc/avr/4.7.1/avr5\libgcc.a(_exit.o)
 *(.fini0)
                0x00001450                _etext = .

.data           0x00800100        0x4 load address 0x00001450
                0x00800100                PROVIDE (__data_start, .)
 *(.data)
 .data          0x00800100        0x0 c:/program files (x86)/mhv avr tools/bin/../lib/gcc/avr/4.7.1/../../../../avr/lib/avr5/crtm328p.o
 .data          0x00800100        0x0 ./uart.o
 .data          0x00800100        0x0 c:/program files (x86)/mhv avr tools/bin/../lib/gcc/avr/4.7.1/../../../../avr/lib/avr5\libm.a(addsf3.o)
 .data          0x00800100        0x0 c:/program files (x86)/mhv avr tools/bin/../lib/gcc/avr/4.7.1/../../../../avr/lib/avr5\libm.a(addsf3x.o)
 .data          0x00800100        0x0 c:/program files (x86)/mhv avr tools/bin/../lib/gcc/avr/4.7.1/../../../../avr/lib/avr5\libm.a(fixsfsi.o)
 .data          0x00800100        0x0 c:/program files (x86)/mhv avr tools/bin/../lib/gcc/avr/4.7.1/../../../../avr/lib/avr5\libm.a(fixunssfsi.o)
 .data          0x00800100        0x0 c:/program files (x86)/mhv avr tools/bin/../lib/gcc/avr/4.7.1/../../../../avr/lib/avr5\libm.a(floatsisf.o)
 .data          0x00800100        0x0 c:/program files (x86)/mhv avr tools/bin/../lib/gcc/avr/4.7.1/../../../../avr/lib/avr5\libm.a(fp_inf.o)
 .data          0x00800100        0x0 c:/program files (x86)/mhv avr tools/bin/../lib/gcc/avr/4.7.1/../../../../avr/lib/avr5\libm.a(fp_nan.o)
 .data          0x00800100        0x0 c:/program files (x86)/mhv avr tools/bin/../lib/gcc/avr/4.7.1/../../../../avr/lib/avr5\libm.a(fp_pscA.o)
 .data          0x00800100        0x0 c:/program files (x86)/mhv avr tools/bin/../lib/gcc/avr/4.7.1/../../../../avr/lib/avr5\libm.a(fp_pscB.o)
 .data          0x00800100        0x0 c:/program files (x86)/mhv avr tools/bin/../lib/gcc/avr/4.7.1/../../../../avr/lib/avr5\libm.a(fp_round.o)
 .data          0x00800100        0x0 c:/program files (x86)/mhv avr tools/bin/../lib/gcc/avr/4.7.1/../../../../avr/lib/avr5\libm.a(fp_split3.o)
 .data          0x00800100        0x0 c:/program files (x86)/mhv avr tools/bin/../lib/gcc/avr/4.7.1/../../../../avr/lib/avr5\libm.a(fp_zero.o)
 .data          0x00800100        0x0 c:/program files (x86)/mhv avr tools/bin/../lib/gcc/avr/4.7.1/../../../../avr/lib/avr5\libm.a(mulsf3.o)
 .data          0x00800100        0x0 c:/program files (x86)/mhv avr tools/bin/../lib/gcc/avr/4.7.1/../../../../avr/lib/avr5\libm.a(mulsf3x.o)
 .data          0x00800100        0x0 c:/program files (x86)/mhv avr tools/bin/../lib/gcc/avr/4.7.1/../../../../avr/lib/avr5\libm.a(pow.o)
 .data          0x00800100        0x0 c:/program files (x86)/mhv avr tools/bin/../lib/gcc/avr/4.7.1/../../../../avr/lib/avr5\libm.a(exp.o)
 .data          0x00800100        0x0 c:/program files (x86)/mhv avr tools/bin/../lib/gcc/avr/4.7.1/../../../../avr/lib/avr5\libm.a(fp_powser.o)
 .data          0x00800100        0x0 c:/program files (x86)/mhv avr tools/bin/../lib/gcc/avr/4.7.1/../../../../avr/lib/avr5\libm.a(inverse.o)
 .data          0x00800100        0x0 c:/program files (x86)/mhv avr tools/bin/../lib/gcc/avr/4.7.1/../../../../avr/lib/avr5\libm.a(ldexp.o)
 .data          0x00800100        0x0 c:/program files (x86)/mhv avr tools/bin/../lib/gcc/avr/4.7.1/../../../../avr/lib/avr5\libm.a(log.o)
 .data          0x00800100        0x0 c:/program files (x86)/mhv avr tools/bin/../lib/gcc/avr/4.7.1/../../../../avr/lib/avr5\libm.a(modf.o)
 .data          0x00800100        0x0 c:/program files (x86)/mhv avr tools/bin/../lib/gcc/avr/4.7.1/../../../../avr/lib/avr5\libm.a(divsf3.o)
 .data          0x00800100        0x0 c:/program files (x86)/mhv avr tools/bin/../lib/gcc/avr/4.7.1/../../../../avr/lib/avr5\libm.a(divsf3x.o)
 .data          0x00800100        0x0 c:/program files (x86)/mhv avr tools/bin/../lib/gcc/avr/4.7.1/../../../../avr/lib/avr5\libm.a(fp_mpack.o)
 .data          0x00800100        0x0 c:/program files (x86)/mhv avr tools/bin/../lib/gcc/avr/4.7.1/avr5\libgcc.a(_divmodhi4.o)
 .data          0x00800100        0x0 c:/program files (x86)/mhv avr tools/bin/../lib/gcc/avr/4.7.1/avr5\libgcc.a(_udivmodsi4.o)
 .data          0x00800100        0x0 c:/program files (x86)/mhv avr tools/bin/../lib/gcc/avr/4.7.1/avr5\libgcc.a(_exit.o)
 .data          0x00800100        0x0 c:/program files (x86)/mhv avr tools/bin/../lib/gcc/avr/4.7.1/avr5\libgcc.a(_copy_data.o)
 .data          0x00800100        0x0 c:/program files (x86)/mhv avr tools/bin/../lib/gcc/avr/4.7.1/avr5\libgcc.a(_clear_bss.o)
 .data          0x00800100        0x0 c:/program files (x86)/mhv avr tools/bin/../lib/gcc/avr/4.7.1/avr5\libgcc.a(_udivmodhi4.o)
 .data          0x00800100        0x0 c:/program files (x86)/mhv avr tools/bin/../lib/gcc/avr/4.7.1/../../../../avr/lib/avr5\libc.a(snprintf.o)
 .data          0x00800100        0x0 c:/program files (x86)/mhv avr tools/bin/../lib/gcc/avr/4.7.1/../../../../avr/lib/avr5\libc.a(vfprintf_std.o)
 .data          0x00800100        0x0 c:/program files (x86)/mhv avr tools/bin/../lib/gcc/avr/4.7.1/../../../../avr/lib/avr5\libc.a(strnlen_P.o)
 .data          0x00800100        0x0 c:/program files (x86)/mhv avr tools/bin/../lib/gcc/avr/4.7.1/../../../../avr/lib/avr5\libc.a(strnlen.o)
 .data          0x00800100        0x0 c:/program files (x86)/mhv avr tools/bin/../lib/gcc/avr/4.7.1/../../../../avr/lib/avr5\libc.a(fputc.o)
 .data          0x00800100        0x0 c:/program files (x86)/mhv avr tools/bin/../lib/gcc/avr/4.7.1/../../../../avr/lib/avr5\libc.a(ultoa_invert.o)
 .data          0x00800100        0x0 c:/program files (x86)/mhv avr tools/bin/../lib/gcc/avr/4.7.1/avr5\libgcc.a(_prologue.o)
 .data          0x00800100        0x0 c:/program files (x86)/mhv avr tools/bin/../lib/gcc/avr/4.7.1/avr5\libgcc.a(_epilogue.o)
 *(.data*)
 *(.rodata)
 *(.rodata*)
 .rodata.str1.1
                0x00800100        0x3 ./uart.o
 *(.gnu.linkonce.d*)
                0x00800104                . = ALIGN (0x2)
 *fill*         0x00800103        0x1 
                0x00800104                _edata = .
                0x00800104                PROVIDE (__data_end, .)

.bss            0x00800104       0x28
                0x00800104                PROVIDE (__bss_start, .)
 *(.bss)
 .bss           0x00800104        0x0 c:/program files (x86)/mhv avr tools/bin/../lib/gcc/avr/4.7.1/../../../../avr/lib/avr5/crtm328p.o
 .bss           0x00800104        0x0 ./uart.o
 .bss           0x00800104        0x0 c:/program files (x86)/mhv avr tools/bin/../lib/gcc/avr/4.7.1/../../../../avr/lib/avr5\libm.a(addsf3.o)
 .bss           0x00800104        0x0 c:/program files (x86)/mhv avr tools/bin/../lib/gcc/avr/4.7.1/../../../../avr/lib/avr5\libm.a(addsf3x.o)
 .bss           0x00800104        0x0 c:/program files (x86)/mhv avr tools/bin/../lib/gcc/avr/4.7.1/../../../../avr/lib/avr5\libm.a(fixsfsi.o)
 .bss           0x00800104        0x0 c:/program files (x86)/mhv avr tools/bin/../lib/gcc/avr/4.7.1/../../../../avr/lib/avr5\libm.a(fixunssfsi.o)
 .bss           0x00800104        0x0 c:/program files (x86)/mhv avr tools/bin/../lib/gcc/avr/4.7.1/../../../../avr/lib/avr5\libm.a(floatsisf.o)
 .bss           0x00800104        0x0 c:/program files (x86)/mhv avr tools/bin/../lib/gcc/avr/4.7.1/../../../../avr/lib/avr5\libm.a(fp_inf.o)
 .bss           0x00800104        0x0 c:/program files (x86)/mhv avr tools/bin/../lib/gcc/avr/4.7.1/../../../../avr/lib/avr5\libm.a(fp_nan.o)
 .bss           0x00800104        0x0 c:/program files (x86)/mhv avr tools/bin/../lib/gcc/avr/4.7.1/../../../../avr/lib/avr5\libm.a(fp_pscA.o)
 .bss           0x00800104        0x0 c:/program files (x86)/mhv avr tools/bin/../lib/gcc/avr/4.7.1/../../../../avr/lib/avr5\libm.a(fp_pscB.o)
 .bss           0x00800104        0x0 c:/program files (x86)/mhv avr tools/bin/../lib/gcc/avr/4.7.1/../../../../avr/lib/avr5\libm.a(fp_round.o)
 .bss           0x00800104        0x0 c:/program files (x86)/mhv avr tools/bin/../lib/gcc/avr/4.7.1/../../../../avr/lib/avr5\libm.a(fp_split3.o)
 .bss           0x00800104        0x0 c:/program files (x86)/mhv avr tools/bin/../lib/gcc/avr/4.7.1/../../../../avr/lib/avr5\libm.a(fp_zero.o)
 .bss           0x00800104        0x0 c:/program files (x86)/mhv avr tools/bin/../lib/gcc/avr/4.7.1/../../../../avr/lib/avr5\libm.a(mulsf3.o)
 .bss           0x00800104        0x0 c:/program files (x86)/mhv avr tools/bin/../lib/gcc/avr/4.7.1/../../../../avr/lib/avr5\libm.a(mulsf3x.o)
 .bss           0x00800104        0x0 c:/program files (x86)/mhv avr tools/bin/../lib/gcc/avr/4.7.1/../../../../avr/lib/avr5\libm.a(pow.o)
 .bss           0x00800104        0x0 c:/program files (x86)/mhv avr tools/bin/../lib/gcc/avr/4.7.1/../../../../avr/lib/avr5\libm.a(exp.o)
 .bss           0x00800104        0x0 c:/program files (x86)/mhv avr tools/bin/../lib/gcc/avr/4.7.1/../../../../avr/lib/avr5\libm.a(fp_powser.o)
 .bss           0x00800104        0x0 c:/program files (x86)/mhv avr tools/bin/../lib/gcc/avr/4.7.1/../../../../avr/lib/avr5\libm.a(inverse.o)
 .bss           0x00800104        0x0 c:/program files (x86)/mhv avr tools/bin/../lib/gcc/avr/4.7.1/../../../../avr/lib/avr5\libm.a(ldexp.o)
 .bss           0x00800104        0x0 c:/program files (x86)/mhv avr tools/bin/../lib/gcc/avr/4.7.1/../../../../avr/lib/avr5\libm.a(log.o)
 .bss           0x00800104        0x0 c:/program files (x86)/mhv avr tools/bin/../lib/gcc/avr/4.7.1/../../../../avr/lib/avr5\libm.a(modf.o)
 .bss           0x00800104        0x0 c:/program files (x86)/mhv avr tools/bin/../lib/gcc/avr/4.7.1/../../../../avr/lib/avr5\libm.a(divsf3.o)
 .bss           0x00800104        0x0 c:/program files (x86)/mhv avr tools/bin/../lib/gcc/avr/4.7.1/../../../../avr/lib/avr5\libm.a(divsf3x.o)
 .bss           0x00800104        0x0 c:/program files (x86)/mhv avr tools/bin/../lib/gcc/avr/4.7.1/../../../../avr/lib/avr5\libm.a(fp_mpack.o)
 .bss           0x00800104        0x0 c:/program files (x86)/mhv avr tools/bin/../lib/gcc/avr/4.7.1/avr5\libgcc.a(_divmodhi4.o)
 .bss           0x00800104        0x0 c:/program files (x86)/mhv avr tools/bin/../lib/gcc/avr/4.7.1/avr5\libgcc.a(_udivmodsi4.o)
 .bss           0x00800104        0x0 c:/program files (x86)/mhv avr tools/bin/../lib/gcc/avr/4.7.1/avr5\libgcc.a(_exit.o)
 .bss           0x00800104        0x0 c:/program files (x86)/mhv avr tools/bin/../lib/gcc/avr/4.7.1/avr5\libgcc.a(_copy_data.o)
 .bss           0x00800104        0x0 c:/program files (x86)/mhv avr tools/bin/../lib/gcc/avr/4.7.1/avr5\libgcc.a(_clear_bss.o)
 .bss           0x00800104        0x0 c:/program files (x86)/mhv avr tools/bin/../lib/gcc/avr/4.7.1/avr5\libgcc.a(_udivmodhi4.o)
 .bss           0x00800104        0x0 c:/program files (x86)/mhv avr tools/bin/../lib/gcc/avr/4.7.1/../../../../avr/lib/avr5\libc.a(snprintf.o)
 .bss           0x00800104        0x0 c:/program files (x86)/mhv avr tools/bin/../lib/gcc/avr/4.7.1/../../../../avr/lib/avr5\libc.a(vfprintf_std.o)
 .bss           0x00800104        0x0 c:/program files (x86)/mhv avr tools/bin/../lib/gcc/avr/4.7.1/../../../../avr/lib/avr5\libc.a(strnlen_P.o)
 .bss           0x00800104        0x0 c:/program files (x86)/mhv avr tools/bin/../lib/gcc/avr/4.7.1/../../../../avr/lib/avr5\libc.a(strnlen.o)
 .bss           0x00800104        0x0 c:/program files (x86)/mhv avr tools/bin/../lib/gcc/avr/4.7.1/../../../../avr/lib/avr5\libc.a(fputc.o)
 .bss           0x00800104        0x0 c:/program files (x86)/mhv avr tools/bin/../lib/gcc/avr/4.7.1/../../../../avr/lib/avr5\libc.a(ultoa_invert.o)
 .bss           0x00800104        0x0 c:/program files (x86)/mhv avr tools/bin/../lib/gcc/avr/4.7.1/avr5\libgcc.a(_prologue.o)
 .bss           0x00800104        0x0 c:/program files (x86)/mhv avr tools/bin/../lib/gcc/avr/4.7.1/avr5\libgcc.a(_epilogue.o)
 *(.bss*)
 *(COMMON)
 COMMON         0x00800104       0x28 ./uart.o
                0x00800104                str
                0x0080012c                PROVIDE (__bss_end, .)
                0x00001450                __data_load_start = LOADADDR (.data)
                0x00001454                __data_load_end = (__data_load_start + SIZEOF (.data))

.noinit         0x0080012c        0x0
                0x0080012c                PROVIDE (__noinit_start, .)
 *(.noinit*)
                0x0080012c                PROVIDE (__noinit_end, .)
                0x0080012c                _end = .
                0x0080012c                PROVIDE (__heap_start, .)

.eeprom         0x00810000        0x0
 *(.eeprom*)
                0x00810000                __eeprom_end = .

.fuse
 *(.fuse)
 *(.lfuse)
 *(.hfuse)
 *(.efuse)

.lock
 *(.lock*)

.signature
 *(.signature*)

.stab
 *(.stab)

.stabstr
 *(.stabstr)

.stab.excl
 *(.stab.excl)

.stab.exclstr
 *(.stab.exclstr)

.stab.index
 *(.stab.index)

.stab.indexstr
 *(.stab.indexstr)

.comment        0x00000000       0x11
 *(.comment)
 .comment       0x00000000       0x11 ./uart.o
                                 0x12 (size before relaxing)
 .comment       0x00000000       0x12 c:/program files (x86)/mhv avr tools/bin/../lib/gcc/avr/4.7.1/../../../../avr/lib/avr5\libc.a(snprintf.o)
 .comment       0x00000000       0x12 c:/program files (x86)/mhv avr tools/bin/../lib/gcc/avr/4.7.1/../../../../avr/lib/avr5\libc.a(vfprintf_std.o)
 .comment       0x00000000       0x12 c:/program files (x86)/mhv avr tools/bin/../lib/gcc/avr/4.7.1/../../../../avr/lib/avr5\libc.a(fputc.o)

.debug
 *(.debug)

.line
 *(.line)

.debug_srcinfo
 *(.debug_srcinfo)

.debug_sfnames
 *(.debug_sfnames)

.debug_aranges
 *(.debug_aranges)

.debug_pubnames
 *(.debug_pubnames)

.debug_info
 *(.debug_info)
 *(.gnu.linkonce.wi.*)

.debug_abbrev
 *(.debug_abbrev)

.debug_line
 *(.debug_line)

.debug_frame
 *(.debug_frame)

.debug_str
 *(.debug_str)

.debug_loc
 *(.debug_loc)

.debug_macinfo
 *(.debug_macinfo)

.debug_pubtypes
 *(.debug_pubtypes)

.debug_ranges
 *(.debug_ranges)

.debug_macro
 *(.debug_macro)
OUTPUT(Serial.elf elf32-avr)
LOAD linker stubs
